Archive member included because of file (symbol)

D:\06.Study\DNS\workspace\wiznet_evb_w5500evb_board\Debug\libwiznet_evb_w5500evb_board.a(board.o)
                              ./src/W5500-EVB_DNS.o (Board_LED_Set)
D:\06.Study\DNS\workspace\wiznet_evb_w5500evb_board\Debug\libwiznet_evb_w5500evb_board.a(board_sysinit.o)
                              ./src/sysinit.o (Board_SystemInit)
D:\06.Study\DNS\workspace\lpc_chip_11exx\Debug\liblpc_chip_11exx.a(chip_11xx.o)
                              ./src/W5500-EVB_DNS.o (SystemCoreClockUpdate)
D:\06.Study\DNS\workspace\lpc_chip_11exx\Debug\liblpc_chip_11exx.a(clock_11xx.o)
                              D:\06.Study\DNS\workspace\wiznet_evb_w5500evb_board\Debug\libwiznet_evb_w5500evb_board.a(board_sysinit.o) (Chip_Clock_SetSystemPLLSource)
D:\06.Study\DNS\workspace\lpc_chip_11exx\Debug\liblpc_chip_11exx.a(gpio_11xx_1.o)
                              D:\06.Study\DNS\workspace\wiznet_evb_w5500evb_board\Debug\libwiznet_evb_w5500evb_board.a(board.o) (Chip_GPIO_Init)
D:\06.Study\DNS\workspace\lpc_chip_11exx\Debug\liblpc_chip_11exx.a(iocon_11xx.o)
                              ./src/spi_handler.o (Chip_IOCON_PinMuxSet)
D:\06.Study\DNS\workspace\lpc_chip_11exx\Debug\liblpc_chip_11exx.a(ssp_11xx.o)
                              ./src/w5500_init.o (Chip_SSP_WriteFrames_Blocking)
D:\06.Study\DNS\workspace\lpc_chip_11exx\Debug\liblpc_chip_11exx.a(sysctl_11xx.o)
                              D:\06.Study\DNS\workspace\wiznet_evb_w5500evb_board\Debug\libwiznet_evb_w5500evb_board.a(board_sysinit.o) (Chip_SYSCTL_PowerDown)
D:\06.Study\DNS\workspace\lpc_chip_11exx\Debug\liblpc_chip_11exx.a(uart_11xx.o)
                              D:\06.Study\DNS\workspace\wiznet_evb_w5500evb_board\Debug\libwiznet_evb_w5500evb_board.a(board.o) (Chip_UART_Init)
D:\06.Study\DNS\workspace\lpc_chip_11exx\Debug\liblpc_chip_11exx.a(ring_buffer.o)
                              D:\06.Study\DNS\workspace\lpc_chip_11exx\Debug\liblpc_chip_11exx.a(uart_11xx.o) (RingBuffer_Insert)
c:/nxp/lpcxpresso_7.5.0_254/lpcxpresso/tools/bin/../lib/gcc/arm-none-eabi/4.8.4/../../../../arm-none-eabi/lib/armv6-m\libcr_nohost.a(_cr__main.o)
                              ./src/cr_startup_lpc11exx.o (__main)
c:/nxp/lpcxpresso_7.5.0_254/lpcxpresso/tools/bin/../lib/gcc/arm-none-eabi/4.8.4/../../../../arm-none-eabi/lib/armv6-m\libcr_c.a(memcpy.o)
                              ./src/W5500-EVB_DNS.o (memcpy)
c:/nxp/lpcxpresso_7.5.0_254/lpcxpresso/tools/bin/../lib/gcc/arm-none-eabi/4.8.4/../../../../arm-none-eabi/lib/armv6-m\libcr_c.a(memset.o)
                              ./src/Internet/DNS/dns.o (memset)
c:/nxp/lpcxpresso_7.5.0_254/lpcxpresso/tools/bin/../lib/gcc/arm-none-eabi/4.8.4/../../../../arm-none-eabi/lib/armv6-m\libcr_c.a(fpprintf.o)
                              ./src/W5500-EVB_DNS.o (printf)
c:/nxp/lpcxpresso_7.5.0_254/lpcxpresso/tools/bin/../lib/gcc/arm-none-eabi/4.8.4/../../../../arm-none-eabi/lib/armv6-m\libcr_c.a(initio.o)
                              c:/nxp/lpcxpresso_7.5.0_254/lpcxpresso/tools/bin/../lib/gcc/arm-none-eabi/4.8.4/../../../../arm-none-eabi/lib/armv6-m\libcr_nohost.a(_cr__main.o) (_initio)
c:/nxp/lpcxpresso_7.5.0_254/lpcxpresso/tools/bin/../lib/gcc/arm-none-eabi/4.8.4/../../../../arm-none-eabi/lib/armv6-m\libcr_c.a(printf.o)
                              c:/nxp/lpcxpresso_7.5.0_254/lpcxpresso/tools/bin/../lib/gcc/arm-none-eabi/4.8.4/../../../../arm-none-eabi/lib/armv6-m\libcr_c.a(fpprintf.o) (__vfprintf)
c:/nxp/lpcxpresso_7.5.0_254/lpcxpresso/tools/bin/../lib/gcc/arm-none-eabi/4.8.4/../../../../arm-none-eabi/lib/armv6-m\libcr_c.a(setvbuf.o)
                              c:/nxp/lpcxpresso_7.5.0_254/lpcxpresso/tools/bin/../lib/gcc/arm-none-eabi/4.8.4/../../../../arm-none-eabi/lib/armv6-m\libcr_c.a(initio.o) (setvbuf)
c:/nxp/lpcxpresso_7.5.0_254/lpcxpresso/tools/bin/../lib/gcc/arm-none-eabi/4.8.4/../../../../arm-none-eabi/lib/armv6-m\libcr_c.a(stdio.o)
                              c:/nxp/lpcxpresso_7.5.0_254/lpcxpresso/tools/bin/../lib/gcc/arm-none-eabi/4.8.4/../../../../arm-none-eabi/lib/armv6-m\libcr_c.a(fpprintf.o) (__Ciob)
c:/nxp/lpcxpresso_7.5.0_254/lpcxpresso/tools/bin/../lib/gcc/arm-none-eabi/4.8.4/../../../../arm-none-eabi/lib/armv6-m\libcr_c.a(strchr.o)
                              ./src/Internet/DNS/dns.o (strchr)
c:/nxp/lpcxpresso_7.5.0_254/lpcxpresso/tools/bin/../lib/gcc/arm-none-eabi/4.8.4/../../../../arm-none-eabi/lib/armv6-m\libcr_c.a(strcpy.o)
                              ./src/Internet/DNS/dns.o (strcpy)
c:/nxp/lpcxpresso_7.5.0_254/lpcxpresso/tools/bin/../lib/gcc/arm-none-eabi/4.8.4/../../../../arm-none-eabi/lib/armv6-m\libcr_c.a(strlen.o)
                              ./src/Internet/DNS/dns.o (strlen)
c:/nxp/lpcxpresso_7.5.0_254/lpcxpresso/tools/bin/../lib/gcc/arm-none-eabi/4.8.4/../../../../arm-none-eabi/lib/armv6-m\libcr_c.a(strncpy.o)
                              ./src/Internet/DNS/dns.o (strncpy)
[...]
Memory Configuration

Name             Origin             Length             Attributes
MFlash96         0x00000000         0x00018000         xr
RamLoc8          0x10000000         0x00002000         xrw
RamPeriph2       0x20000000         0x00000800         xrw
SRAM1_2          0x20004000         0x00000800         xrw
*default*        0x00000000         0xffffffff

Linker script and memory map

LOAD ./src/Internet/DNS/dns.o
LOAD ./src/Internet/DHCP/dhcp.o
LOAD ./src/Ethernet/W5500/w5500.o
LOAD ./src/Ethernet/W5300/w5300.o
LOAD ./src/Ethernet/W5200/w5200.o
LOAD ./src/Ethernet/W5100/w5100.o
LOAD ./src/Ethernet/socket.o
LOAD ./src/Ethernet/wizchip_conf.o
LOAD ./src/W5500-EVB_DNS.o
LOAD ./src/aeabi_romdiv_patch.o
LOAD ./src/cr_startup_lpc11exx.o
LOAD ./src/crp.o
LOAD ./src/spi_handler.o
LOAD ./src/sysinit.o
LOAD ./src/w5500_init.o
LOAD D:\06.Study\DNS\workspace\wiznet_evb_w5500evb_board\Debug\libwiznet_evb_w5500evb_board.a
LOAD D:\06.Study\DNS\workspace\lpc_chip_11exx\Debug\liblpc_chip_11exx.a
START GROUP
LOAD c:/nxp/lpcxpresso_7.5.0_254/lpcxpresso/tools/bin/../lib/gcc/arm-none-eabi/4.8.4/../../../../arm-none-eabi/lib/armv6-m\libcr_nohost.a
LOAD c:/nxp/lpcxpresso_7.5.0_254/lpcxpresso/tools/bin/../lib/gcc/arm-none-eabi/4.8.4/../../../../arm-none-eabi/lib/armv6-m\libcr_c.a
LOAD c:/nxp/lpcxpresso_7.5.0_254/lpcxpresso/tools/bin/../lib/gcc/arm-none-eabi/4.8.4/armv6-m\libcr_eabihelpers.a
END GROUP
                0x00018000                __top_MFlash96 = 0x18000
                0x10002000                __top_RamLoc8 = 0x10002000
                0x20000800                __top_RamPeriph2 = 0x20000800
                0x20004800                __top_SRAM1_2 = 0x20004800

.text           0x00000000     0x7e08
 FILL mask 0xff
                0x00000000                __vectors_start__ = ABSOLUTE (.)
 *(.isr_vector)
 .isr_vector    0x00000000       0xc0 ./src/cr_startup_lpc11exx.o
                0x00000000                g_pfnVectors
                0x000000c0                . = ALIGN (0x4)
                0x000000c0                __section_table_start = .
                0x000000c0                __data_section_table = .
                0x000000c0        0x4 LONG 0x7e08 LOADADDR (.data)
                0x000000c4        0x4 LONG 0x10000000 ADDR (.data)
                0x000000c8        0x4 LONG 0x54 SIZEOF (.data)
                0x000000cc        0x4 LONG 0x7e08 LOADADDR (.data_RAM2)
                0x000000d0        0x4 LONG 0x20000000 ADDR (.data_RAM2)
                0x000000d4        0x4 LONG 0x0 SIZEOF (.data_RAM2)
                0x000000d8        0x4 LONG 0x7e08 LOADADDR (.data_RAM3)
                0x000000dc        0x4 LONG 0x20004000 ADDR (.data_RAM3)
                0x000000e0        0x4 LONG 0x0 SIZEOF (.data_RAM3)
                0x000000e4                __data_section_table_end = .
                0x000000e4                __bss_section_table = .
                0x000000e4        0x4 LONG 0x10000054 ADDR (.bss)
                0x000000e8        0x4 LONG 0x9a0 SIZEOF (.bss)
                0x000000ec        0x4 LONG 0x20000000 ADDR (.bss_RAM2)
                0x000000f0        0x4 LONG 0x0 SIZEOF (.bss_RAM2)
                0x000000f4        0x4 LONG 0x20004000 ADDR (.bss_RAM3)
                0x000000f8        0x4 LONG 0x0 SIZEOF (.bss_RAM3)
                0x000000fc                __bss_section_table_end = .
                0x000000fc                __section_table_end = .
 *(.after_vectors*)
 .after_vectors
                0x000000fc      0x168 ./src/cr_startup_lpc11exx.o
                0x000000fc                data_init
                0x0000013c                bss_init
                0x00000170                ResetISR
                0x00000234                NMI_Handler
                0x0000023c                HardFault_Handler
                0x00000244                SVC_Handler
                0x0000024c                PendSV_Handler
                0x00000254                SysTick_Handler
                0x0000025c                TIMER32_1_IRQHandler
                0x0000025c                FLEX_INT1_IRQHandler
                0x0000025c                IntDefaultHandler
                0x0000025c                UART_IRQHandler
                0x0000025c                FLEX_INT7_IRQHandler
                0x0000025c                TIMER32_0_IRQHandler
                0x0000025c                FLEX_INT0_IRQHandler
                0x0000025c                FLEX_INT2_IRQHandler
                0x0000025c                TIMER16_1_IRQHandler
                0x0000025c                FLEX_INT5_IRQHandler
                0x0000025c                ADC_IRQHandler
                0x0000025c                SSP1_IRQHandler
                0x0000025c                FLEX_INT3_IRQHandler
                0x0000025c                BOD_IRQHandler
                0x0000025c                I2C_IRQHandler
                0x0000025c                WDT_IRQHandler
                0x0000025c                SSP0_IRQHandler
                0x0000025c                GINT0_IRQHandler
                0x0000025c                FLEX_INT4_IRQHandler
                0x0000025c                TIMER16_0_IRQHandler
                0x0000025c                FLEX_INT6_IRQHandler
                0x0000025c                FMC_IRQHandler
                0x0000025c                GINT1_IRQHandler
                0x000002fc                . = 0x2fc
 *fill*         0x00000264       0x98 ff
                0x000002fc                PROVIDE (__CRP_WORD_START__, .)
 *(.crp)
 .crp           0x000002fc        0x4 ./src/crp.o
                0x000002fc                CRP_WORD
                0x00000300                PROVIDE (__CRP_WORD_END__, .)
                0x00000001                ASSERT (! ((__CRP_WORD_START__ == __CRP_WORD_END__)), Linker CRP Enabled, but no CRP_WORD provided within application)
 *(.text*)
 .text.default_ip_assign
                0x00000300       0x44 ./src/Internet/DHCP/dhcp.o
                0x00000300                default_ip_assign
 .text.default_ip_update
                0x00000344       0x30 ./src/Internet/DHCP/dhcp.o
                0x00000344                default_ip_update
 .text.default_ip_conflict
                0x00000374       0x2c ./src/Internet/DHCP/dhcp.o
                0x00000374                default_ip_conflict
 .text.makeDHCPMSG
                0x000003a0      0x238 ./src/Internet/DHCP/dhcp.o
                0x000003a0                makeDHCPMSG
 .text.send_DHCP_DISCOVER
                0x000005d8      0x3ac ./src/Internet/DHCP/dhcp.o
                0x000005d8                send_DHCP_DISCOVER
 .text.send_DHCP_REQUEST
                0x00000984      0x65c ./src/Internet/DHCP/dhcp.o
                0x00000984                send_DHCP_REQUEST
 .text.send_DHCP_DECLINE
                0x00000fe0      0x3ac ./src/Internet/DHCP/dhcp.o
                0x00000fe0                send_DHCP_DECLINE
 .text.parseDHCPMSG
                0x0000138c      0x378 ./src/Internet/DHCP/dhcp.o
                0x0000138c                parseDHCPMSG
 .text.DHCP_run
                0x00001704      0x24c ./src/Internet/DHCP/dhcp.o
                0x00001704                DHCP_run
 .text.DHCP_stop
                0x00001950       0x20 ./src/Internet/DHCP/dhcp.o
                0x00001950                DHCP_stop
 .text.check_DHCP_timeout
                0x00001970       0xb8 ./src/Internet/DHCP/dhcp.o
                0x00001970                check_DHCP_timeout
 .text.check_DHCP_leasedIP
                0x00001a28       0x90 ./src/Internet/DHCP/dhcp.o
                0x00001a28                check_DHCP_leasedIP
 .text.DHCP_init
                0x00001ab8      0x114 ./src/Internet/DHCP/dhcp.o
                0x00001ab8                DHCP_init
 .text.reset_DHCP_timeout
                0x00001bcc       0x28 ./src/Internet/DHCP/dhcp.o
                0x00001bcc                reset_DHCP_timeout
 .text.getIPfromDHCP
                0x00001bf4       0x38 ./src/Internet/DHCP/dhcp.o
                0x00001bf4                getIPfromDHCP
 .text.getGWfromDHCP
                0x00001c2c       0x38 ./src/Internet/DHCP/dhcp.o
                0x00001c2c                getGWfromDHCP
 .text.getSNfromDHCP
                0x00001c64       0x38 ./src/Internet/DHCP/dhcp.o
                0x00001c64                getSNfromDHCP
 .text.getDNSfromDHCP
                0x00001c9c       0x38 ./src/Internet/DHCP/dhcp.o
                0x00001c9c                getDNSfromDHCP
 .text.WIZCHIP_READ
                0x00001cd4       0xc4 ./src/Ethernet/W5500/w5500.o
                0x00001cd4                WIZCHIP_READ
 .text.WIZCHIP_WRITE
                0x00001d98       0xc8 ./src/Ethernet/W5500/w5500.o
                0x00001d98                WIZCHIP_WRITE
 .text.WIZCHIP_READ_BUF
                0x00001e60       0xfc ./src/Ethernet/W5500/w5500.o
                0x00001e60                WIZCHIP_READ_BUF
 .text.WIZCHIP_WRITE_BUF
                0x00001f5c       0xfc ./src/Ethernet/W5500/w5500.o
                0x00001f5c                WIZCHIP_WRITE_BUF
 .text.getSn_TX_FSR
                0x00002058       0xdc ./src/Ethernet/W5500/w5500.o
                0x00002058                getSn_TX_FSR
 .text.getSn_RX_RSR
                0x00002134       0xdc ./src/Ethernet/W5500/w5500.o
                0x00002134                getSn_RX_RSR
 .text.wiz_send_data
                0x00002210       0xf0 ./src/Ethernet/W5500/w5500.o
                0x00002210                wiz_send_data
 .text.wiz_recv_data
                0x00002300       0xf0 ./src/Ethernet/W5500/w5500.o
                0x00002300                wiz_recv_data
 .text.wiz_recv_ignore
                0x000023f0       0xb8 ./src/Ethernet/W5500/w5500.o
                0x000023f0                wiz_recv_ignore
 .text.socket   0x000024a8      0x25c ./src/Ethernet/socket.o
                0x000024a8                socket
 .text.close    0x00002704       0xf8 ./src/Ethernet/socket.o
                0x00002704                close
 .text.sendto   0x000027fc      0x304 ./src/Ethernet/socket.o
                0x000027fc                sendto
 .text.recvfrom
                0x00002b00      0x444 ./src/Ethernet/socket.o
                0x00002b00                recvfrom
 .text.wizchip_cris_enter
                0x00002f44        0x8 ./src/Ethernet/wizchip_conf.o
                0x00002f44                wizchip_cris_enter
 .text.wizchip_cris_exit
                0x00002f4c        0x8 ./src/Ethernet/wizchip_conf.o
                0x00002f4c                wizchip_cris_exit
 .text.wizchip_cs_select
                0x00002f54        0x8 ./src/Ethernet/wizchip_conf.o
                0x00002f54                wizchip_cs_select
 .text.wizchip_cs_deselect
                0x00002f5c        0x8 ./src/Ethernet/wizchip_conf.o
                0x00002f5c                wizchip_cs_deselect
 .text.wizchip_bus_readdata
                0x00002f64       0x18 ./src/Ethernet/wizchip_conf.o
                0x00002f64                wizchip_bus_readdata
 .text.wizchip_bus_writedata
                0x00002f7c       0x1c ./src/Ethernet/wizchip_conf.o
                0x00002f7c                wizchip_bus_writedata
 .text.wizchip_spi_readbyte
                0x00002f98        0xc ./src/Ethernet/wizchip_conf.o
                0x00002f98                wizchip_spi_readbyte
 .text.wizchip_spi_writebyte
                0x00002fa4       0x14 ./src/Ethernet/wizchip_conf.o
                0x00002fa4                wizchip_spi_writebyte
 .text.reg_wizchip_cs_cbfunc
                0x00002fb8       0x44 ./src/Ethernet/wizchip_conf.o
                0x00002fb8                reg_wizchip_cs_cbfunc
 .text.reg_wizchip_spi_cbfunc
                0x00002ffc       0x54 ./src/Ethernet/wizchip_conf.o
                0x00002ffc                reg_wizchip_spi_cbfunc
 .text.ctlwizchip
                0x00003050      0x1c8 ./src/Ethernet/wizchip_conf.o
                0x00003050                ctlwizchip
 .text.wizchip_sw_reset
                0x00003218       0xa8 ./src/Ethernet/wizchip_conf.o
                0x00003218                wizchip_sw_reset
 .text.wizchip_init
                0x000032c0      0x184 ./src/Ethernet/wizchip_conf.o
                0x000032c0                wizchip_init
 .text.wizchip_clrinterrupt
                0x00003444       0x54 ./src/Ethernet/wizchip_conf.o
                0x00003444                wizchip_clrinterrupt
 .text.wizchip_getinterrupt
                0x00003498       0x68 ./src/Ethernet/wizchip_conf.o
                0x00003498                wizchip_getinterrupt
 .text.wizchip_setinterruptmask
                0x00003500       0x50 ./src/Ethernet/wizchip_conf.o
                0x00003500                wizchip_setinterruptmask
 .text.wizchip_getinterruptmask
                0x00003550       0x60 ./src/Ethernet/wizchip_conf.o
                0x00003550                wizchip_getinterruptmask
 .text.wizphy_getphylink
                0x000035b0       0x38 ./src/Ethernet/wizchip_conf.o
                0x000035b0                wizphy_getphylink
 .text.wizphy_getphypmode
                0x000035e8       0x3c ./src/Ethernet/wizchip_conf.o
                0x000035e8                wizphy_getphypmode
 .text.wizphy_reset
                0x00003624       0x68 ./src/Ethernet/wizchip_conf.o
                0x00003624                wizphy_reset
 .text.wizphy_setphyconf
                0x0000368c       0xcc ./src/Ethernet/wizchip_conf.o
                0x0000368c                wizphy_setphyconf
 .text.wizphy_getphyconf
                0x00003758       0xac ./src/Ethernet/wizchip_conf.o
                0x00003758                wizphy_getphyconf
 .text.wizphy_setphypmode
                0x00003804       0xcc ./src/Ethernet/wizchip_conf.o
                0x00003804                wizphy_setphypmode
 .text.DNS_Query
                0x000038d0      0x32c ./src/W5500-EVB_DNS.o
                0x000038d0                DNS_Query
 .text.main     0x00003bfc      0x15c ./src/W5500-EVB_DNS.o
                0x00003bfc                main
 .text.__aeabi_idiv
                0x00003d58       0x10 ./src/aeabi_romdiv_patch.o
                0x00003d58                __aeabi_idivmod
                0x00003d58                __aeabi_idiv
 .text.__aeabi_uidiv
                0x00003d68       0x10 ./src/aeabi_romdiv_patch.o
                0x00003d68                __aeabi_uidivmod
                0x00003d68                __aeabi_uidiv
 .text.Chip_SSP_Enable
                0x00003d78       0x1c ./src/spi_handler.o
 .text.Chip_SSP_SetFormat
                0x00003d94       0x30 ./src/spi_handler.o
 .text.Chip_GPIO_SetPinState
                0x00003dc4       0x34 ./src/spi_handler.o
 .text.Chip_GPIO_SetPinDIROutput
                0x00003df8       0x44 ./src/spi_handler.o
 .text.Init_SSP_PinMux
                0x00003e3c       0x80 ./src/spi_handler.o
 .text.SPI_Init
                0x00003ebc       0x48 ./src/spi_handler.o
                0x00003ebc                SPI_Init
 .text.SystemInit
                0x00003f04        0xc ./src/sysinit.o
                0x00003f04                SystemInit
 .text.Chip_GPIO_SetPinState
                0x00003f10       0x34 ./src/w5500_init.o
 .text.wizchip_select
                0x00003f44       0x18 ./src/w5500_init.o
 .text.wizchip_deselect
                0x00003f5c       0x18 ./src/w5500_init.o
 .text.wizchip_read
                0x00003f74       0x24 ./src/w5500_init.o
 .text.wizchip_write
                0x00003f98       0x24 ./src/w5500_init.o
 .text.delay_cnt
                0x00003fbc       0x1c ./src/w5500_init.o
                0x00003fbc                delay_cnt
 .text.W5500_Init
                0x00003fd8       0xa4 ./src/w5500_init.o
                0x00003fd8                W5500_Init
 .text.Chip_UART_TXEnable
                0x0000407c       0x14 D:\06.Study\DNS\workspace\wiznet_evb_w5500evb_board\Debug\libwiznet_evb_w5500evb_board.a(board.o)
 .text.Chip_UART_SetupFIFOS
                0x00004090       0x18 D:\06.Study\DNS\workspace\wiznet_evb_w5500evb_board\Debug\libwiznet_evb_w5500evb_board.a(board.o)
 .text.Chip_UART_ConfigData
                0x000040a8       0x18 D:\06.Study\DNS\workspace\wiznet_evb_w5500evb_board\Debug\libwiznet_evb_w5500evb_board.a(board.o)
 .text.Chip_GPIO_SetPinState
                0x000040c0       0x34 D:\06.Study\DNS\workspace\wiznet_evb_w5500evb_board\Debug\libwiznet_evb_w5500evb_board.a(board.o)
 .text.Chip_GPIO_SetPinDIROutput
                0x000040f4       0x44 D:\06.Study\DNS\workspace\wiznet_evb_w5500evb_board\Debug\libwiznet_evb_w5500evb_board.a(board.o)
 .text.__sys_write
                0x00004138       0x38 D:\06.Study\DNS\workspace\wiznet_evb_w5500evb_board\Debug\libwiznet_evb_w5500evb_board.a(board.o)
                0x00004138                __sys_write
 .text.Board_UARTPutChar
                0x00004170       0x24 D:\06.Study\DNS\workspace\wiznet_evb_w5500evb_board\Debug\libwiznet_evb_w5500evb_board.a(board.o)
                0x00004170                Board_UARTPutChar
 .text.Board_Debug_Init
                0x00004194       0x60 D:\06.Study\DNS\workspace\wiznet_evb_w5500evb_board\Debug\libwiznet_evb_w5500evb_board.a(board.o)
                0x00004194                Board_Debug_Init
 .text.Board_LED_Init
                0x000041f4       0x64 D:\06.Study\DNS\workspace\wiznet_evb_w5500evb_board\Debug\libwiznet_evb_w5500evb_board.a(board.o)
 .text.Board_LED_Set
                0x00004258       0x58 D:\06.Study\DNS\workspace\wiznet_evb_w5500evb_board\Debug\libwiznet_evb_w5500evb_board.a(board.o)
                0x00004258                Board_LED_Set
 .text.Board_Init
                0x000042b0       0x34 D:\06.Study\DNS\workspace\wiznet_evb_w5500evb_board\Debug\libwiznet_evb_w5500evb_board.a(board.o)
                0x000042b0                Board_Init
 .text.Chip_FMC_SetFLASHAccess
                0x000042e4       0x2c D:\06.Study\DNS\workspace\wiznet_evb_w5500evb_board\Debug\libwiznet_evb_w5500evb_board.a(board_sysinit.o)
 .text.Chip_Clock_SetupSystemPLL
                0x00004310       0x34 D:\06.Study\DNS\workspace\wiznet_evb_w5500evb_board\Debug\libwiznet_evb_w5500evb_board.a(board_sysinit.o)
 .text.Chip_Clock_IsSystemPLLLocked
                0x00004344       0x1c D:\06.Study\DNS\workspace\wiznet_evb_w5500evb_board\Debug\libwiznet_evb_w5500evb_board.a(board_sysinit.o)
 .text.Chip_Clock_SetSysClockDiv
                0x00004360       0x18 D:\06.Study\DNS\workspace\wiznet_evb_w5500evb_board\Debug\libwiznet_evb_w5500evb_board.a(board_sysinit.o)
 .text.Chip_Clock_EnablePeriphClock
                0x00004378       0x30 D:\06.Study\DNS\workspace\wiznet_evb_w5500evb_board\Debug\libwiznet_evb_w5500evb_board.a(board_sysinit.o)
 .text.SystemSetupClocking
                0x000043a8       0x64 D:\06.Study\DNS\workspace\wiznet_evb_w5500evb_board\Debug\libwiznet_evb_w5500evb_board.a(board_sysinit.o)
 .text.SystemSetupMuxing
                0x0000440c       0x50 D:\06.Study\DNS\workspace\wiznet_evb_w5500evb_board\Debug\libwiznet_evb_w5500evb_board.a(board_sysinit.o)
 .text.Board_SystemInit
                0x0000445c       0x18 D:\06.Study\DNS\workspace\wiznet_evb_w5500evb_board\Debug\libwiznet_evb_w5500evb_board.a(board_sysinit.o)
                0x0000445c                Board_SystemInit
 .text.SystemCoreClockUpdate
                0x00004474       0x18 D:\06.Study\DNS\workspace\lpc_chip_11exx\Debug\liblpc_chip_11exx.a(chip_11xx.o)
                0x00004474                SystemCoreClockUpdate
 .text.Chip_Clock_GetMainOscRate
                0x0000448c       0x14 D:\06.Study\DNS\workspace\lpc_chip_11exx\Debug\liblpc_chip_11exx.a(clock_11xx.o)
 .text.Chip_Clock_GetIntOscRate
                0x000044a0       0x10 D:\06.Study\DNS\workspace\lpc_chip_11exx\Debug\liblpc_chip_11exx.a(clock_11xx.o)
 .text.Chip_Clock_GetWDTLFORate
                0x000044b0       0x48 D:\06.Study\DNS\workspace\lpc_chip_11exx\Debug\liblpc_chip_11exx.a(clock_11xx.o)
 .text.Chip_Clock_GetPLLFreq
                0x000044f8       0x24 D:\06.Study\DNS\workspace\lpc_chip_11exx\Debug\liblpc_chip_11exx.a(clock_11xx.o)
 .text.Chip_Clock_SetSystemPLLSource
                0x0000451c       0x2c D:\06.Study\DNS\workspace\lpc_chip_11exx\Debug\liblpc_chip_11exx.a(clock_11xx.o)
                0x0000451c                Chip_Clock_SetSystemPLLSource
 .text.Chip_Clock_SetMainClockSource
                0x00004548       0x2c D:\06.Study\DNS\workspace\lpc_chip_11exx\Debug\liblpc_chip_11exx.a(clock_11xx.o)
                0x00004548                Chip_Clock_SetMainClockSource
 .text.Chip_Clock_GetWDTOSCRate
                0x00004574       0x1c D:\06.Study\DNS\workspace\lpc_chip_11exx\Debug\liblpc_chip_11exx.a(clock_11xx.o)
                0x00004574                Chip_Clock_GetWDTOSCRate
 .text.Chip_Clock_GetSystemPLLInClockRate
                0x00004590       0x40 D:\06.Study\DNS\workspace\lpc_chip_11exx\Debug\liblpc_chip_11exx.a(clock_11xx.o)
                0x00004590                Chip_Clock_GetSystemPLLInClockRate
 .text.Chip_Clock_GetSystemPLLOutClockRate
                0x000045d0       0x24 D:\06.Study\DNS\workspace\lpc_chip_11exx\Debug\liblpc_chip_11exx.a(clock_11xx.o)
                0x000045d0                Chip_Clock_GetSystemPLLOutClockRate
 .text.Chip_Clock_GetMainClockRate
                0x000045f4       0x64 D:\06.Study\DNS\workspace\lpc_chip_11exx\Debug\liblpc_chip_11exx.a(clock_11xx.o)
                0x000045f4                Chip_Clock_GetMainClockRate
 .text.Chip_Clock_GetSystemClockRate
                0x00004658       0x24 D:\06.Study\DNS\workspace\lpc_chip_11exx\Debug\liblpc_chip_11exx.a(clock_11xx.o)
                0x00004658                Chip_Clock_GetSystemClockRate
 .text.Chip_Clock_EnablePeriphClock
                0x0000467c       0x30 D:\06.Study\DNS\workspace\lpc_chip_11exx\Debug\liblpc_chip_11exx.a(gpio_11xx_1.o)
 .text.Chip_GPIO_Init
                0x000046ac       0x14 D:\06.Study\DNS\workspace\lpc_chip_11exx\Debug\liblpc_chip_11exx.a(gpio_11xx_1.o)
                0x000046ac                Chip_GPIO_Init
 .text.Chip_IOCON_PinMuxSet
                0x000046c0       0x48 D:\06.Study\DNS\workspace\lpc_chip_11exx\Debug\liblpc_chip_11exx.a(iocon_11xx.o)
                0x000046c0                Chip_IOCON_PinMuxSet
 .text.Chip_SYSCTL_AssertPeriphReset
                0x00004708       0x30 D:\06.Study\DNS\workspace\lpc_chip_11exx\Debug\liblpc_chip_11exx.a(ssp_11xx.o)
 .text.Chip_SYSCTL_DeassertPeriphReset
                0x00004738       0x2c D:\06.Study\DNS\workspace\lpc_chip_11exx\Debug\liblpc_chip_11exx.a(ssp_11xx.o)
 .text.Chip_SYSCTL_PeriphReset
                0x00004764       0x28 D:\06.Study\DNS\workspace\lpc_chip_11exx\Debug\liblpc_chip_11exx.a(ssp_11xx.o)
 .text.Chip_Clock_EnablePeriphClock
                0x0000478c       0x30 D:\06.Study\DNS\workspace\lpc_chip_11exx\Debug\liblpc_chip_11exx.a(ssp_11xx.o)
 .text.Chip_Clock_SetSSP0ClockDiv
                0x000047bc       0x1c D:\06.Study\DNS\workspace\lpc_chip_11exx\Debug\liblpc_chip_11exx.a(ssp_11xx.o)
 .text.Chip_Clock_GetSSP0ClockDiv
                0x000047d8       0x14 D:\06.Study\DNS\workspace\lpc_chip_11exx\Debug\liblpc_chip_11exx.a(ssp_11xx.o)
 .text.Chip_Clock_SetSSP1ClockDiv
                0x000047ec       0x1c D:\06.Study\DNS\workspace\lpc_chip_11exx\Debug\liblpc_chip_11exx.a(ssp_11xx.o)
 .text.Chip_Clock_GetSSP1ClockDiv
                0x00004808       0x14 D:\06.Study\DNS\workspace\lpc_chip_11exx\Debug\liblpc_chip_11exx.a(ssp_11xx.o)
 .text.Chip_SSP_GetStatus
                0x0000481c       0x28 D:\06.Study\DNS\workspace\lpc_chip_11exx\Debug\liblpc_chip_11exx.a(ssp_11xx.o)
 .text.Chip_SSP_GetRawIntStatus
                0x00004844       0x28 D:\06.Study\DNS\workspace\lpc_chip_11exx\Debug\liblpc_chip_11exx.a(ssp_11xx.o)
 .text.Chip_SSP_GetDataSize
                0x0000486c       0x1c D:\06.Study\DNS\workspace\lpc_chip_11exx\Debug\liblpc_chip_11exx.a(ssp_11xx.o)
 .text.Chip_SSP_ClearIntPending
                0x00004888       0x1c D:\06.Study\DNS\workspace\lpc_chip_11exx\Debug\liblpc_chip_11exx.a(ssp_11xx.o)
 .text.Chip_SSP_ReceiveFrame
                0x000048a4       0x18 D:\06.Study\DNS\workspace\lpc_chip_11exx\Debug\liblpc_chip_11exx.a(ssp_11xx.o)
 .text.Chip_SSP_SendFrame
                0x000048bc       0x1c D:\06.Study\DNS\workspace\lpc_chip_11exx\Debug\liblpc_chip_11exx.a(ssp_11xx.o)
 .text.Chip_SSP_SetFormat
                0x000048d8       0x30 D:\06.Study\DNS\workspace\lpc_chip_11exx\Debug\liblpc_chip_11exx.a(ssp_11xx.o)
 .text.Chip_SSP_Set_Mode
                0x00004908       0x24 D:\06.Study\DNS\workspace\lpc_chip_11exx\Debug\liblpc_chip_11exx.a(ssp_11xx.o)
 .text.Chip_SSP_GetClockIndex
                0x0000492c       0x34 D:\06.Study\DNS\workspace\lpc_chip_11exx\Debug\liblpc_chip_11exx.a(ssp_11xx.o)
 .text.Chip_SSP_GetResetIndex
                0x00004960       0x34 D:\06.Study\DNS\workspace\lpc_chip_11exx\Debug\liblpc_chip_11exx.a(ssp_11xx.o)
 .text.Chip_SSP_SetSSPClkDivider
                0x00004994       0x30 D:\06.Study\DNS\workspace\lpc_chip_11exx\Debug\liblpc_chip_11exx.a(ssp_11xx.o)
 .text.Chip_SSP_GetPCLKkRate
                0x000049c4       0x4c D:\06.Study\DNS\workspace\lpc_chip_11exx\Debug\liblpc_chip_11exx.a(ssp_11xx.o)
 .text.Chip_SSP_SetClockRate
                0x00004a10       0x38 D:\06.Study\DNS\workspace\lpc_chip_11exx\Debug\liblpc_chip_11exx.a(ssp_11xx.o)
                0x00004a10                Chip_SSP_SetClockRate
 .text.Chip_SSP_WriteFrames_Blocking
                0x00004a48      0x154 D:\06.Study\DNS\workspace\lpc_chip_11exx\Debug\liblpc_chip_11exx.a(ssp_11xx.o)
                0x00004a48                Chip_SSP_WriteFrames_Blocking
 .text.Chip_SSP_ReadFrames_Blocking
                0x00004b9c      0x168 D:\06.Study\DNS\workspace\lpc_chip_11exx\Debug\liblpc_chip_11exx.a(ssp_11xx.o)
                0x00004b9c                Chip_SSP_ReadFrames_Blocking
 .text.Chip_SSP_SetMaster
                0x00004d04       0x34 D:\06.Study\DNS\workspace\lpc_chip_11exx\Debug\liblpc_chip_11exx.a(ssp_11xx.o)
                0x00004d04                Chip_SSP_SetMaster
 .text.Chip_SSP_SetBitRate
                0x00004d38       0x78 D:\06.Study\DNS\workspace\lpc_chip_11exx\Debug\liblpc_chip_11exx.a(ssp_11xx.o)
                0x00004d38                Chip_SSP_SetBitRate
 .text.Chip_SSP_Init
                0x00004db0       0x60 D:\06.Study\DNS\workspace\lpc_chip_11exx\Debug\liblpc_chip_11exx.a(ssp_11xx.o)
                0x00004db0                Chip_SSP_Init
 .text.Chip_SYSCTL_PowerDown
                0x00004e10       0x3c D:\06.Study\DNS\workspace\lpc_chip_11exx\Debug\liblpc_chip_11exx.a(sysctl_11xx.o)
                0x00004e10                Chip_SYSCTL_PowerDown
 .text.Chip_SYSCTL_PowerUp
                0x00004e4c       0x40 D:\06.Study\DNS\workspace\lpc_chip_11exx\Debug\liblpc_chip_11exx.a(sysctl_11xx.o)
                0x00004e4c                Chip_SYSCTL_PowerUp
 .text.Chip_Clock_EnablePeriphClock
                0x00004e8c       0x30 D:\06.Study\DNS\workspace\lpc_chip_11exx\Debug\liblpc_chip_11exx.a(uart_11xx.o)
 .text.Chip_Clock_SetUARTClockDiv
                0x00004ebc       0x1c D:\06.Study\DNS\workspace\lpc_chip_11exx\Debug\liblpc_chip_11exx.a(uart_11xx.o)
 .text.Chip_UART_SendByte
                0x00004ed8       0x1c D:\06.Study\DNS\workspace\lpc_chip_11exx\Debug\liblpc_chip_11exx.a(uart_11xx.o)
 .text.Chip_UART_SetupFIFOS
                0x00004ef4       0x18 D:\06.Study\DNS\workspace\lpc_chip_11exx\Debug\liblpc_chip_11exx.a(uart_11xx.o)
 .text.Chip_UART_ConfigData
                0x00004f0c       0x18 D:\06.Study\DNS\workspace\lpc_chip_11exx\Debug\liblpc_chip_11exx.a(uart_11xx.o)
 .text.Chip_UART_EnableDivisorAccess
                0x00004f24       0x1c D:\06.Study\DNS\workspace\lpc_chip_11exx\Debug\liblpc_chip_11exx.a(uart_11xx.o)
 .text.Chip_UART_DisableDivisorAccess
                0x00004f40       0x20 D:\06.Study\DNS\workspace\lpc_chip_11exx\Debug\liblpc_chip_11exx.a(uart_11xx.o)
 .text.Chip_UART_SetDivisorLatches
                0x00004f60       0x28 D:\06.Study\DNS\workspace\lpc_chip_11exx\Debug\liblpc_chip_11exx.a(uart_11xx.o)
 .text.Chip_UART_ReadLineStatus
                0x00004f88       0x14 D:\06.Study\DNS\workspace\lpc_chip_11exx\Debug\liblpc_chip_11exx.a(uart_11xx.o)
 .text.Chip_UART_Init
                0x00004f9c       0x34 D:\06.Study\DNS\workspace\lpc_chip_11exx\Debug\liblpc_chip_11exx.a(uart_11xx.o)
                0x00004f9c                Chip_UART_Init
 .text.Chip_UART_Send
                0x00004fd0       0x54 D:\06.Study\DNS\workspace\lpc_chip_11exx\Debug\liblpc_chip_11exx.a(uart_11xx.o)
                0x00004fd0                Chip_UART_Send
 .text.Chip_UART_SendBlocking
                0x00005024       0x54 D:\06.Study\DNS\workspace\lpc_chip_11exx\Debug\liblpc_chip_11exx.a(uart_11xx.o)
                0x00005024                Chip_UART_SendBlocking
 .text.Chip_UART_SetBaud
                0x00005078       0x68 D:\06.Study\DNS\workspace\lpc_chip_11exx\Debug\liblpc_chip_11exx.a(uart_11xx.o)
                0x00005078                Chip_UART_SetBaud
 .text.__main   0x000050e0       0x12 c:/nxp/lpcxpresso_7.5.0_254/lpcxpresso/tools/bin/../lib/gcc/arm-none-eabi/4.8.4/../../../../arm-none-eabi/lib/armv6-m\libcr_nohost.a(_cr__main.o)
                0x000050e0                __main
 .text.memcpy   0x000050f2        0x8 c:/nxp/lpcxpresso_7.5.0_254/lpcxpresso/tools/bin/../lib/gcc/arm-none-eabi/4.8.4/../../../../arm-none-eabi/lib/armv6-m\libcr_c.a(memcpy.o)
                0x000050f2                memcpy
 .text.memset   0x000050fa        0x8 c:/nxp/lpcxpresso_7.5.0_254/lpcxpresso/tools/bin/../lib/gcc/arm-none-eabi/4.8.4/../../../../arm-none-eabi/lib/armv6-m\libcr_c.a(memset.o)
                0x000050fa                memset
 .text.fp_round
                0x00005102       0x48 c:/nxp/lpcxpresso_7.5.0_254/lpcxpresso/tools/bin/../lib/gcc/arm-none-eabi/4.8.4/../../../../arm-none-eabi/lib/armv6-m\libcr_c.a(fpprintf.o)
 .text.pr_dec.constprop.1
                0x0000514a       0x28 c:/nxp/lpcxpresso_7.5.0_254/lpcxpresso/tools/bin/../lib/gcc/arm-none-eabi/4.8.4/../../../../arm-none-eabi/lib/armv6-m\libcr_c.a(fpprintf.o)
 *fill*         0x00005172        0x6 
 .text.sprintf  0x00005178       0x70 c:/nxp/lpcxpresso_7.5.0_254/lpcxpresso/tools/bin/../lib/gcc/arm-none-eabi/4.8.4/../../../../arm-none-eabi/lib/armv6-m\libcr_c.a(fpprintf.o)
                0x00005178                sprintf
 .text.fp_display
                0x000051e8      0x980 c:/nxp/lpcxpresso_7.5.0_254/lpcxpresso/tools/bin/../lib/gcc/arm-none-eabi/4.8.4/../../../../arm-none-eabi/lib/armv6-m\libcr_c.a(fpprintf.o)
 .text.vsnprintf
                0x00005b68       0x5c c:/nxp/lpcxpresso_7.5.0_254/lpcxpresso/tools/bin/../lib/gcc/arm-none-eabi/4.8.4/../../../../arm-none-eabi/lib/armv6-m\libcr_c.a(fpprintf.o)
                0x00005b68                vsnprintf
 .text.printf   0x00005bc4       0x50 c:/nxp/lpcxpresso_7.5.0_254/lpcxpresso/tools/bin/../lib/gcc/arm-none-eabi/4.8.4/../../../../arm-none-eabi/lib/armv6-m\libcr_c.a(fpprintf.o)
                0x00005bc4                printf
 .text._initio  0x00005c14       0xa4 c:/nxp/lpcxpresso_7.5.0_254/lpcxpresso/tools/bin/../lib/gcc/arm-none-eabi/4.8.4/../../../../arm-none-eabi/lib/armv6-m\libcr_c.a(initio.o)
                0x00005c14                _initio
 .text.__vfprintf
                0x00005cb8      0xd4c c:/nxp/lpcxpresso_7.5.0_254/lpcxpresso/tools/bin/../lib/gcc/arm-none-eabi/4.8.4/../../../../arm-none-eabi/lib/armv6-m\libcr_c.a(printf.o)
                0x00005cb8                __vfprintf
 .text.setvbuf  0x00006a04       0x48 c:/nxp/lpcxpresso_7.5.0_254/lpcxpresso/tools/bin/../lib/gcc/arm-none-eabi/4.8.4/../../../../arm-none-eabi/lib/armv6-m\libcr_c.a(setvbuf.o)
                0x00006a04                setvbuf
 .text.strlen   0x00006a4c       0x54 c:/nxp/lpcxpresso_7.5.0_254/lpcxpresso/tools/bin/../lib/gcc/arm-none-eabi/4.8.4/../../../../arm-none-eabi/lib/armv6-m\libcr_c.a(strlen.o)
                0x00006a4c                strlen
 .text._deferredlazyseek
                0x00006aa0       0x44 c:/nxp/lpcxpresso_7.5.0_254/lpcxpresso/tools/bin/../lib/gcc/arm-none-eabi/4.8.4/../../../../arm-none-eabi/lib/armv6-m\libcr_c.a(_deferredlazyseek.o)
                0x00006aa0                _deferredlazyseek
 .text.__flsbuf
                0x00006ae4      0x154 c:/nxp/lpcxpresso_7.5.0_254/lpcxpresso/tools/bin/../lib/gcc/arm-none-eabi/4.8.4/../../../../arm-none-eabi/lib/armv6-m\libcr_c.a(_deferredlazyseek.o)
                0x00006ae4                __flsbuf
 .text._fdopen  0x00006c38       0x68 c:/nxp/lpcxpresso_7.5.0_254/lpcxpresso/tools/bin/../lib/gcc/arm-none-eabi/4.8.4/../../../../arm-none-eabi/lib/armv6-m\libcr_c.a(_fdopen.o)
                0x00006c38                _fdopen
 .text._fflush  0x00006ca0       0x64 c:/nxp/lpcxpresso_7.5.0_254/lpcxpresso/tools/bin/../lib/gcc/arm-none-eabi/4.8.4/../../../../arm-none-eabi/lib/armv6-m\libcr_c.a(_fflush.o)
                0x00006ca0                _fflush
 *fill*         0x00006d04        0x4 
 .text._frexpl  0x00006d08       0x80 c:/nxp/lpcxpresso_7.5.0_254/lpcxpresso/tools/bin/../lib/gcc/arm-none-eabi/4.8.4/../../../../arm-none-eabi/lib/armv6-m\libcr_c.a(_frexpl.o)
                0x00006d08                _frexpl
 .text._ldexpl  0x00006d88       0x60 c:/nxp/lpcxpresso_7.5.0_254/lpcxpresso/tools/bin/../lib/gcc/arm-none-eabi/4.8.4/../../../../arm-none-eabi/lib/armv6-m\libcr_c.a(_ldexpl.o)
                0x00006d88                _ldexpl
 .text._Cwritebuf
                0x00006de8       0x6c c:/nxp/lpcxpresso_7.5.0_254/lpcxpresso/tools/bin/../lib/gcc/arm-none-eabi/4.8.4/../../../../arm-none-eabi/lib/armv6-m\libcr_c.a(_writebuf.o)
                0x00006de8                _Cwritebuf
 .text.malloc   0x00006e54       0xc4 c:/nxp/lpcxpresso_7.5.0_254/lpcxpresso/tools/bin/../lib/gcc/arm-none-eabi/4.8.4/../../../../arm-none-eabi/lib/armv6-m\libcr_c.a(alloc.o)
                0x00006e54                malloc
 .text.free     0x00006f18        0xe c:/nxp/lpcxpresso_7.5.0_254/lpcxpresso/tools/bin/../lib/gcc/arm-none-eabi/4.8.4/../../../../arm-none-eabi/lib/armv6-m\libcr_c.a(alloc.o)
                0x00006f18                free
 *fill*         0x00006f26        0x2 
 .text._Csys_alloc
                0x00006f28       0x20 c:/nxp/lpcxpresso_7.5.0_254/lpcxpresso/tools/bin/../lib/gcc/arm-none-eabi/4.8.4/../../../../arm-none-eabi/lib/armv6-m\libcr_c.a(alloc.o)
                0x00006f28                _Csys_alloc
 .text.fclose   0x00006f48       0x70 c:/nxp/lpcxpresso_7.5.0_254/lpcxpresso/tools/bin/../lib/gcc/arm-none-eabi/4.8.4/../../../../arm-none-eabi/lib/armv6-m\libcr_c.a(fclose.o)
                0x00006f48                fclose
 .text.fflush   0x00006fb8       0x34 c:/nxp/lpcxpresso_7.5.0_254/lpcxpresso/tools/bin/../lib/gcc/arm-none-eabi/4.8.4/../../../../arm-none-eabi/lib/armv6-m\libcr_c.a(fflush.o)
                0x00006fb8                fflush
 .text.fseek    0x00006fec       0xf8 c:/nxp/lpcxpresso_7.5.0_254/lpcxpresso/tools/bin/../lib/gcc/arm-none-eabi/4.8.4/../../../../arm-none-eabi/lib/armv6-m\libcr_c.a(fseek.o)
                0x00006fec                fseek
 .text.ftell    0x000070e4       0x4c c:/nxp/lpcxpresso_7.5.0_254/lpcxpresso/tools/bin/../lib/gcc/arm-none-eabi/4.8.4/../../../../arm-none-eabi/lib/armv6-m\libcr_c.a(ftell.o)
                0x000070e4                ftell
 .text.remove   0x00007130       0x12 c:/nxp/lpcxpresso_7.5.0_254/lpcxpresso/tools/bin/../lib/gcc/arm-none-eabi/4.8.4/../../../../arm-none-eabi/lib/armv6-m\libcr_c.a(remove.o)
                0x00007130                remove
 *fill*         0x00007142        0x2 
 .text._sbrk    0x00007144       0x40 c:/nxp/lpcxpresso_7.5.0_254/lpcxpresso/tools/bin/../lib/gcc/arm-none-eabi/4.8.4/../../../../arm-none-eabi/lib/armv6-m\libcr_c.a(_cr_sbrk.o)
                0x00007144                _sbrk
 .text._do_fflush
                0x00007184       0x48 c:/nxp/lpcxpresso_7.5.0_254/lpcxpresso/tools/bin/../lib/gcc/arm-none-eabi/4.8.4/../../../../arm-none-eabi/lib/armv6-m\libcr_c.a(_do_fflush.o)
                0x00007184                _do_fflush
 .text.__check_heap_overflow
                0x000071cc       0x18 c:/nxp/lpcxpresso_7.5.0_254/lpcxpresso/tools/bin/../lib/gcc/arm-none-eabi/4.8.4/../../../../arm-none-eabi/lib/armv6-m\libcr_c.a(_cr_check_heap.o)
                0x000071cc                __check_heap_overflow
 *fill*         0x000071e4        0x4 
 .text.__aeabi_dmul
                0x000071e8      0x188 c:/nxp/lpcxpresso_7.5.0_254/lpcxpresso/tools/bin/../lib/gcc/arm-none-eabi/4.8.4/armv6-m\libcr_eabihelpers.a(double.o)
                0x000071e8                __aeabi_dmul
 .text.__aeabi_ddiv
                0x00007370      0x160 c:/nxp/lpcxpresso_7.5.0_254/lpcxpresso/tools/bin/../lib/gcc/arm-none-eabi/4.8.4/armv6-m\libcr_eabihelpers.a(double.o)
                0x00007370                __aeabi_ddiv
 .text.__aeabi_dsub
                0x000074d0      0x1e8 c:/nxp/lpcxpresso_7.5.0_254/lpcxpresso/tools/bin/../lib/gcc/arm-none-eabi/4.8.4/armv6-m\libcr_eabihelpers.a(double.o)
                0x000074d0                __aeabi_dsub
 .text.__aeabi_dadd
                0x000076b8      0x148 c:/nxp/lpcxpresso_7.5.0_254/lpcxpresso/tools/bin/../lib/gcc/arm-none-eabi/4.8.4/armv6-m\libcr_eabihelpers.a(double.o)
                0x000076b8                __aeabi_dadd
 .text.__aeabi_d2iz
                0x00007800       0x48 c:/nxp/lpcxpresso_7.5.0_254/lpcxpresso/tools/bin/../lib/gcc/arm-none-eabi/4.8.4/armv6-m\libcr_eabihelpers.a(double.o)
                0x00007800                __aeabi_d2iz
 .text.__bhs_ui2d
                0x00007848       0x5e c:/nxp/lpcxpresso_7.5.0_254/lpcxpresso/tools/bin/../lib/gcc/arm-none-eabi/4.8.4/armv6-m\libcr_eabihelpers.a(double.o)
                0x00007848                __bhs_ui2d
 .text.__aeabi_i2d
                0x000078a6       0x16 c:/nxp/lpcxpresso_7.5.0_254/lpcxpresso/tools/bin/../lib/gcc/arm-none-eabi/4.8.4/armv6-m\libcr_eabihelpers.a(double.o)
                0x000078a6                __aeabi_i2d
 .text.__aeabi_dcmpeq
                0x000078bc       0x38 c:/nxp/lpcxpresso_7.5.0_254/lpcxpresso/tools/bin/../lib/gcc/arm-none-eabi/4.8.4/armv6-m\libcr_eabihelpers.a(double.o)
                0x000078bc                __aeabi_dcmpeq
 .text.__aeabi_dcmplt
                0x000078f4       0x78 c:/nxp/lpcxpresso_7.5.0_254/lpcxpresso/tools/bin/../lib/gcc/arm-none-eabi/4.8.4/armv6-m\libcr_eabihelpers.a(double.o)
                0x000078f4                __aeabi_dcmplt
 .text.__aeabi_dcmple
                0x0000796c       0x78 c:/nxp/lpcxpresso_7.5.0_254/lpcxpresso/tools/bin/../lib/gcc/arm-none-eabi/4.8.4/armv6-m\libcr_eabihelpers.a(double.o)
                0x0000796c                __aeabi_dcmple
 .text.__aeabi_dcmpge
                0x000079e4       0x70 c:/nxp/lpcxpresso_7.5.0_254/lpcxpresso/tools/bin/../lib/gcc/arm-none-eabi/4.8.4/armv6-m\libcr_eabihelpers.a(double.o)
                0x000079e4                __aeabi_dcmpge
 .text.__aeabi_llong_lmul
                0x00007a54       0x2e c:/nxp/lpcxpresso_7.5.0_254/lpcxpresso/tools/bin/../lib/gcc/arm-none-eabi/4.8.4/armv6-m\libcr_eabihelpers.a(llong.o)
                0x00007a54                __aeabi_lmul
 .text.__aeabi_memcpy
                0x00007a82       0x2c c:/nxp/lpcxpresso_7.5.0_254/lpcxpresso/tools/bin/../lib/gcc/arm-none-eabi/4.8.4/armv6-m\libcr_eabihelpers.a(memcpy.o)
                0x00007a82                __aeabi_memcpy4
                0x00007a82                __aeabi_memcpy8
                0x00007a82                __aeabi_memcpy
 .text.__aeabi_memset_lowlevel
                0x00007aae       0x2a c:/nxp/lpcxpresso_7.5.0_254/lpcxpresso/tools/bin/../lib/gcc/arm-none-eabi/4.8.4/armv6-m\libcr_eabihelpers.a(memcpy.o)
                0x00007aae                __aeabi_lowlevel_memset
 .text.__sys_appexit
                0x00007ad8        0x2 c:/nxp/lpcxpresso_7.5.0_254/lpcxpresso/tools/bin/../lib/gcc/arm-none-eabi/4.8.4/../../../../arm-none-eabi/lib/armv6-m\libcr_nohost.a(__sys_appexit.o)
                0x00007ad8                __sys_appexit
                0x00007ad8                __exit
 .text.__sys_close
                0x00007ada        0x6 c:/nxp/lpcxpresso_7.5.0_254/lpcxpresso/tools/bin/../lib/gcc/arm-none-eabi/4.8.4/../../../../arm-none-eabi/lib/armv6-m\libcr_nohost.a(__sys_close.o)
                0x00007ada                __sys_close
 .text.__sys_flen
                0x00007ae0        0x6 c:/nxp/lpcxpresso_7.5.0_254/lpcxpresso/tools/bin/../lib/gcc/arm-none-eabi/4.8.4/../../../../arm-none-eabi/lib/armv6-m\libcr_nohost.a(__sys_flen.o)
                0x00007ae0                __sys_flen
 .text.__sys_istty
                0x00007ae6        0x6 c:/nxp/lpcxpresso_7.5.0_254/lpcxpresso/tools/bin/../lib/gcc/arm-none-eabi/4.8.4/../../../../arm-none-eabi/lib/armv6-m\libcr_nohost.a(__sys_istty.o)
                0x00007ae6                __sys_istty
 .text.__sys_remove
                0x00007aec        0x6 c:/nxp/lpcxpresso_7.5.0_254/lpcxpresso/tools/bin/../lib/gcc/arm-none-eabi/4.8.4/../../../../arm-none-eabi/lib/armv6-m\libcr_nohost.a(__sys_remove.o)
                0x00007aec                __sys_remove
 .text.__sys_seek
                0x00007af2        0x6 c:/nxp/lpcxpresso_7.5.0_254/lpcxpresso/tools/bin/../lib/gcc/arm-none-eabi/4.8.4/../../../../arm-none-eabi/lib/armv6-m\libcr_nohost.a(__sys_seek.o)
                0x00007af2                __sys_seek
 .text.__sys_tmpnam
                0x00007af8        0x6 c:/nxp/lpcxpresso_7.5.0_254/lpcxpresso/tools/bin/../lib/gcc/arm-none-eabi/4.8.4/../../../../arm-none-eabi/lib/armv6-m\libcr_nohost.a(__sys_tmpnam.o)
                0x00007af8                __sys_tmpnam
 *(.rodata .rodata.* .constdata .constdata.*)
 *fill*         0x00007afe        0x2 
 .rodata.DHCP_run
                0x00007b00       0x14 ./src/Internet/DHCP/dhcp.o
 .rodata        0x00007b14       0x14 ./src/Internet/DHCP/dhcp.o
 .rodata.ctlwizchip
                0x00007b28       0x40 ./src/Ethernet/wizchip_conf.o
 .rodata        0x00007b68       0xd8 ./src/W5500-EVB_DNS.o
 .rodata        0x00007c40       0xa4 ./src/w5500_init.o
 .rodata.OscRateIn
                0x00007ce4        0x4 D:\06.Study\DNS\workspace\wiznet_evb_w5500evb_board\Debug\libwiznet_evb_w5500evb_board.a(board.o)
                0x00007ce4                OscRateIn
 .rodata.ledports
                0x00007ce8        0x4 D:\06.Study\DNS\workspace\wiznet_evb_w5500evb_board\Debug\libwiznet_evb_w5500evb_board.a(board.o)
 .rodata.ledpins
                0x00007cec        0x4 D:\06.Study\DNS\workspace\wiznet_evb_w5500evb_board\Debug\libwiznet_evb_w5500evb_board.a(board.o)
 .rodata.pinmuxing
                0x00007cf0       0x48 D:\06.Study\DNS\workspace\wiznet_evb_w5500evb_board\Debug\libwiznet_evb_w5500evb_board.a(board_sysinit.o)
 .rodata.wdtOSCRate
                0x00007d38       0x40 D:\06.Study\DNS\workspace\lpc_chip_11exx\Debug\liblpc_chip_11exx.a(clock_11xx.o)
 .rodata.str1.1
                0x00007d78       0x34 c:/nxp/lpcxpresso_7.5.0_254/lpcxpresso/tools/bin/../lib/gcc/arm-none-eabi/4.8.4/../../../../arm-none-eabi/lib/armv6-m\libcr_c.a(fpprintf.o)
                                 0x35 (size before relaxing)
 .rodata.str1.1
                0x00007dac        0x4 c:/nxp/lpcxpresso_7.5.0_254/lpcxpresso/tools/bin/../lib/gcc/arm-none-eabi/4.8.4/../../../../arm-none-eabi/lib/armv6-m\libcr_c.a(initio.o)
 .rodata.str1.1
                0x00007db0       0x31 c:/nxp/lpcxpresso_7.5.0_254/lpcxpresso/tools/bin/../lib/gcc/arm-none-eabi/4.8.4/../../../../arm-none-eabi/lib/armv6-m\libcr_c.a(printf.o)
                                 0x38 (size before relaxing)
 .rodata.str1.1
                0x00007de1       0x18 c:/nxp/lpcxpresso_7.5.0_254/lpcxpresso/tools/bin/../lib/gcc/arm-none-eabi/4.8.4/../../../../arm-none-eabi/lib/armv6-m\libcr_c.a(alloc.o)
 *fill*         0x00007df9        0x7 
 .rodata.__huge_vall
                0x00007e00        0x8 c:/nxp/lpcxpresso_7.5.0_254/lpcxpresso/tools/bin/../lib/gcc/arm-none-eabi/4.8.4/../../../../arm-none-eabi/lib/armv6-m\libcr_c.a(_hugeval.o)
                0x00007e00                __huge_vall
                0x00007e08                . = ALIGN (0x4)

.glue_7         0x00007e08        0x0
 .glue_7        0x00000000        0x0 linker stubs

.glue_7t        0x00007e08        0x0
 .glue_7t       0x00000000        0x0 linker stubs

.vfp11_veneer   0x00007e08        0x0
 .vfp11_veneer  0x00000000        0x0 linker stubs

.v4_bx          0x00007e08        0x0
 .v4_bx         0x00000000        0x0 linker stubs

.iplt           0x00007e08        0x0
 .iplt          0x00000000        0x0 ./src/Internet/DNS/dns.o

.rel.dyn        0x00007e08        0x0
 .rel.iplt      0x00000000        0x0 ./src/Internet/DNS/dns.o

.ARM.extab
 *(.ARM.extab* .gnu.linkonce.armextab.*)
                0x00007e08                __exidx_start = .

.ARM.exidx
 *(.ARM.exidx* .gnu.linkonce.armexidx.*)
                0x00007e08                __exidx_end = .
                0x00007e08                _etext = .

.data_RAM2      0x20000000        0x0 load address 0x00007e08
 FILL mask 0xff
 *(.ramfunc.$RAM2)
 *(.ramfunc.$RamPeriph2)
 *(.data.$RAM2*)
 *(.data.$RamPeriph2*)
                0x20000000                . = ALIGN (0x4)

.data_RAM3      0x20004000        0x0 load address 0x00007e08
 FILL mask 0xff
 *(.ramfunc.$RAM3)
 *(.ramfunc.$SRAM1_2)
 *(.data.$RAM3*)
 *(.data.$SRAM1_2*)
                0x20004000                . = ALIGN (0x4)

.uninit_RESERVED
                0x10000000        0x0
 *(.bss.$RESERVED*)
                0x10000000                . = ALIGN (0x4)
                0x10000000                _end_uninit_RESERVED = .

.data           0x10000000       0x54 load address 0x00007e08
 FILL mask 0xff
                0x10000000                _data = .
 *(vtable)
 *(.ramfunc*)
 *(.data*)
 .data.DHCP_CHADDR
                0x10000000        0x8 ./src/Internet/DHCP/dhcp.o
                0x10000000                DHCP_CHADDR
 .data.DHCP_SOCKET
                0x10000008        0x1 ./src/Internet/DHCP/dhcp.o
                0x10000008                DHCP_SOCKET
 *fill*         0x10000009        0x3 
 .data.dhcp_lease_time
                0x1000000c        0x4 ./src/Internet/DHCP/dhcp.o
                0x1000000c                dhcp_lease_time
 .data.dhcp_tick_next
                0x10000010        0x4 ./src/Internet/DHCP/dhcp.o
                0x10000010                dhcp_tick_next
 .data.HOST_NAME
                0x10000014        0x8 ./src/Internet/DHCP/dhcp.o
                0x10000014                HOST_NAME
 .data.dhcp_ip_assign
                0x1000001c        0x4 ./src/Internet/DHCP/dhcp.o
                0x1000001c                dhcp_ip_assign
 .data.dhcp_ip_update
                0x10000020        0x4 ./src/Internet/DHCP/dhcp.o
                0x10000020                dhcp_ip_update
 .data.dhcp_ip_conflict
                0x10000024        0x4 ./src/Internet/DHCP/dhcp.o
                0x10000024                dhcp_ip_conflict
 .data.sock_any_port
                0x10000028        0x2 ./src/Ethernet/socket.o
 *fill*         0x1000002a        0x2 
 .data.WIZCHIP  0x1000002c       0x28 ./src/Ethernet/wizchip_conf.o
                0x1000002c                WIZCHIP
                0x10000054                . = ALIGN (0x4)
                0x10000054                _edata = .

.igot.plt       0x10000054        0x0 load address 0x00007e5c
 .igot.plt      0x00000000        0x0 ./src/Internet/DNS/dns.o

.bss_RAM2       0x20000000        0x0
 *(.bss.$RAM2*)
 *(.bss.$RamPeriph2*)
                0x20000000                . = ALIGN (0x4)

.bss_RAM3       0x20004000        0x0
 *(.bss.$RAM3*)
 *(.bss.$SRAM1_2*)
                0x20004000                . = ALIGN (0x4)

.bss            0x10000054      0x9a0
                0x10000054                _bss = .
 *(.bss*)
 .bss.OLD_allocated_ip
                0x10000054        0x4 ./src/Internet/DHCP/dhcp.o
                0x10000054                OLD_allocated_ip
 .bss.DHCP_allocated_ip
                0x10000058        0x4 ./src/Internet/DHCP/dhcp.o
                0x10000058                DHCP_allocated_ip
 .bss.DHCP_allocated_gw
                0x1000005c        0x4 ./src/Internet/DHCP/dhcp.o
                0x1000005c                DHCP_allocated_gw
 .bss.DHCP_allocated_sn
                0x10000060        0x4 ./src/Internet/DHCP/dhcp.o
                0x10000060                DHCP_allocated_sn
 .bss.DHCP_allocated_dns
                0x10000064        0x4 ./src/Internet/DHCP/dhcp.o
                0x10000064                DHCP_allocated_dns
 .bss.dhcp_state
                0x10000068        0x1 ./src/Internet/DHCP/dhcp.o
                0x10000068                dhcp_state
 .bss.dhcp_retry_count
                0x10000069        0x1 ./src/Internet/DHCP/dhcp.o
                0x10000069                dhcp_retry_count
 *fill*         0x1000006a        0x2 
 .bss.dhcp_tick_1s
                0x1000006c        0x4 ./src/Internet/DHCP/dhcp.o
                0x1000006c                dhcp_tick_1s
 .bss.sock_io_mode
                0x10000070        0x2 ./src/Ethernet/socket.o
 .bss.sock_is_sending
                0x10000072        0x2 ./src/Ethernet/socket.o
 .bss.sock_remained_size
                0x10000074       0x10 ./src/Ethernet/socket.o
 .bss.sock_pack_info
                0x10000084        0x8 ./src/Ethernet/socket.o
                0x10000084                sock_pack_info
 .bss.errno     0x1000008c        0x4 c:/nxp/lpcxpresso_7.5.0_254/lpcxpresso/tools/bin/../lib/gcc/arm-none-eabi/4.8.4/../../../../arm-none-eabi/lib/armv6-m\libcr_c.a(errno.o)
                0x1000008c                errno
 *(COMMON)
 COMMON         0x10000090        0xc ./src/Internet/DHCP/dhcp.o
                0x10000090                DHCP_XID
                0x10000094                DHCP_SIP
                0x10000098                pDHCPMSG
 COMMON         0x1000009c      0x800 ./src/W5500-EVB_DNS.o
                0x1000009c                gDATABUF
 COMMON         0x1000089c        0x8 ./src/cr_startup_lpc11exx.o
                0x1000089c                pDivRom_uidiv
                0x100008a0                pDivRom_idiv
 COMMON         0x100008a4        0x4 D:\06.Study\DNS\workspace\lpc_chip_11exx\Debug\liblpc_chip_11exx.a(chip_11xx.o)
                0x100008a4                SystemCoreClock
 COMMON         0x100008a8        0x4 c:/nxp/lpcxpresso_7.5.0_254/lpcxpresso/tools/bin/../lib/gcc/arm-none-eabi/4.8.4/../../../../arm-none-eabi/lib/armv6-m\libcr_c.a(initio.o)
                0x100008a8                _extra
 COMMON         0x100008ac      0x140 c:/nxp/lpcxpresso_7.5.0_254/lpcxpresso/tools/bin/../lib/gcc/arm-none-eabi/4.8.4/../../../../arm-none-eabi/lib/armv6-m\libcr_c.a(stdio.o)
                0x100008ac                __Ciob
 COMMON         0x100009ec        0x8 c:/nxp/lpcxpresso_7.5.0_254/lpcxpresso/tools/bin/../lib/gcc/arm-none-eabi/4.8.4/../../../../arm-none-eabi/lib/armv6-m\libcr_c.a(__init_alloc.o)
                0x100009ec                __heaps
                0x100009f0                __end_of_heap
                0x100009f4                . = ALIGN (0x4)
                0x100009f4                _ebss = .
                0x100009f4                PROVIDE (end, .)

.noinit_RAM2    0x20000000        0x0
 *(.noinit.$RAM2*)
 *(.noinit.$RamPeriph2*)
                0x20000000                . = ALIGN (0x4)

.noinit_RAM3    0x20004000        0x0
 *(.noinit.$RAM3*)
 *(.noinit.$SRAM1_2*)
                0x20004000                . = ALIGN (0x4)

.noinit         0x100009f4        0x0
                0x100009f4                _noinit = .
 *(.noinit*)
                0x100009f4                . = ALIGN (0x4)
                0x100009f4                _end_noinit = .
                0x100009f4                PROVIDE (_pvHeapStart, DEFINED (__user_heap_base)?__user_heap_base:.)
                0x10002000                PROVIDE (_vStackTop, DEFINED (__user_stack_top)?__user_stack_top:(__top_RamLoc8 - 0x0))
OUTPUT(W5500-EVB_DNS.axf elf32-littlearm)

.debug_info     0x00000000     0x78c9
 .debug_info    0x00000000      0x8a9 ./src/Internet/DHCP/dhcp.o
 .debug_info    0x000008a9      0x516 ./src/Ethernet/W5500/w5500.o
 .debug_info    0x00000dbf      0x615 ./src/Ethernet/socket.o
 .debug_info    0x000013d4      0xbc5 ./src/Ethernet/wizchip_conf.o
 .debug_info    0x00001f99      0x284 ./src/W5500-EVB_DNS.o
 .debug_info    0x0000221d       0x6e ./src/aeabi_romdiv_patch.o
 .debug_info    0x0000228b      0x248 ./src/cr_startup_lpc11exx.o
 .debug_info    0x000024d3       0x3f ./src/crp.o
 .debug_info    0x00002512      0x45e ./src/spi_handler.o
 .debug_info    0x00002970       0xb8 ./src/sysinit.o
 .debug_info    0x00002a28      0x4d1 ./src/w5500_init.o
 .debug_info    0x00002ef9      0x7df D:\06.Study\DNS\workspace\wiznet_evb_w5500evb_board\Debug\libwiznet_evb_w5500evb_board.a(board.o)
 .debug_info    0x000036d8      0x915 D:\06.Study\DNS\workspace\wiznet_evb_w5500evb_board\Debug\libwiznet_evb_w5500evb_board.a(board_sysinit.o)
 .debug_info    0x00003fed       0xc2 D:\06.Study\DNS\workspace\lpc_chip_11exx\Debug\liblpc_chip_11exx.a(chip_11xx.o)
 .debug_info    0x000040af      0x86f D:\06.Study\DNS\workspace\lpc_chip_11exx\Debug\liblpc_chip_11exx.a(clock_11xx.o)
 .debug_info    0x0000491e      0x96f D:\06.Study\DNS\workspace\lpc_chip_11exx\Debug\liblpc_chip_11exx.a(gpio_11xx_1.o)
 .debug_info    0x0000528d      0x155 D:\06.Study\DNS\workspace\lpc_chip_11exx\Debug\liblpc_chip_11exx.a(iocon_11xx.o)
 .debug_info    0x000053e2     0x10c0 D:\06.Study\DNS\workspace\lpc_chip_11exx\Debug\liblpc_chip_11exx.a(ssp_11xx.o)
 .debug_info    0x000064a2      0x583 D:\06.Study\DNS\workspace\lpc_chip_11exx\Debug\liblpc_chip_11exx.a(sysctl_11xx.o)
 .debug_info    0x00006a25      0xea4 D:\06.Study\DNS\workspace\lpc_chip_11exx\Debug\liblpc_chip_11exx.a(uart_11xx.o)

.debug_abbrev   0x00000000     0x1ad8
 .debug_abbrev  0x00000000      0x1b5 ./src/Internet/DHCP/dhcp.o
 .debug_abbrev  0x000001b5      0x1a0 ./src/Ethernet/W5500/w5500.o
 .debug_abbrev  0x00000355      0x13a ./src/Ethernet/socket.o
 .debug_abbrev  0x0000048f      0x295 ./src/Ethernet/wizchip_conf.o
 .debug_abbrev  0x00000724       0xe8 ./src/W5500-EVB_DNS.o
 .debug_abbrev  0x0000080c       0x12 ./src/aeabi_romdiv_patch.o
 .debug_abbrev  0x0000081e       0xfc ./src/cr_startup_lpc11exx.o
 .debug_abbrev  0x0000091a       0x36 ./src/crp.o
 .debug_abbrev  0x00000950      0x16b ./src/spi_handler.o
 .debug_abbrev  0x00000abb       0x6a ./src/sysinit.o
 .debug_abbrev  0x00000b25      0x1f3 ./src/w5500_init.o
 .debug_abbrev  0x00000d18      0x204 D:\06.Study\DNS\workspace\wiznet_evb_w5500evb_board\Debug\libwiznet_evb_w5500evb_board.a(board.o)
 .debug_abbrev  0x00000f1c      0x1cb D:\06.Study\DNS\workspace\wiznet_evb_w5500evb_board\Debug\libwiznet_evb_w5500evb_board.a(board_sysinit.o)
 .debug_abbrev  0x000010e7       0x7b D:\06.Study\DNS\workspace\lpc_chip_11exx\Debug\liblpc_chip_11exx.a(chip_11xx.o)
 .debug_abbrev  0x00001162      0x1bc D:\06.Study\DNS\workspace\lpc_chip_11exx\Debug\liblpc_chip_11exx.a(clock_11xx.o)
 .debug_abbrev  0x0000131e      0x173 D:\06.Study\DNS\workspace\lpc_chip_11exx\Debug\liblpc_chip_11exx.a(gpio_11xx_1.o)
 .debug_abbrev  0x00001491       0xc8 D:\06.Study\DNS\workspace\lpc_chip_11exx\Debug\liblpc_chip_11exx.a(iocon_11xx.o)
 .debug_abbrev  0x00001559      0x2b0 D:\06.Study\DNS\workspace\lpc_chip_11exx\Debug\liblpc_chip_11exx.a(ssp_11xx.o)
 .debug_abbrev  0x00001809       0xce D:\06.Study\DNS\workspace\lpc_chip_11exx\Debug\liblpc_chip_11exx.a(sysctl_11xx.o)
 .debug_abbrev  0x000018d7      0x201 D:\06.Study\DNS\workspace\lpc_chip_11exx\Debug\liblpc_chip_11exx.a(uart_11xx.o)

.debug_aranges  0x00000000      0x920
 .debug_aranges
                0x00000000       0xc0 ./src/Internet/DHCP/dhcp.o
 .debug_aranges
                0x000000c0       0x60 ./src/Ethernet/W5500/w5500.o
 .debug_aranges
                0x00000120       0x78 ./src/Ethernet/socket.o
 .debug_aranges
                0x00000198      0x138 ./src/Ethernet/wizchip_conf.o
 .debug_aranges
                0x000002d0       0x28 ./src/W5500-EVB_DNS.o
 .debug_aranges
                0x000002f8       0x28 ./src/aeabi_romdiv_patch.o
 .debug_aranges
                0x00000320       0x60 ./src/cr_startup_lpc11exx.o
 .debug_aranges
                0x00000380       0x18 ./src/crp.o
 .debug_aranges
                0x00000398       0x48 ./src/spi_handler.o
 .debug_aranges
                0x000003e0       0x20 ./src/sysinit.o
 .debug_aranges
                0x00000400       0x60 ./src/w5500_init.o
 .debug_aranges
                0x00000460       0xc0 D:\06.Study\DNS\workspace\wiznet_evb_w5500evb_board\Debug\libwiznet_evb_w5500evb_board.a(board.o)
 .debug_aranges
                0x00000520       0x58 D:\06.Study\DNS\workspace\wiznet_evb_w5500evb_board\Debug\libwiznet_evb_w5500evb_board.a(board_sysinit.o)
 .debug_aranges
                0x00000578       0x20 D:\06.Study\DNS\workspace\lpc_chip_11exx\Debug\liblpc_chip_11exx.a(chip_11xx.o)
 .debug_aranges
                0x00000598       0x88 D:\06.Study\DNS\workspace\lpc_chip_11exx\Debug\liblpc_chip_11exx.a(clock_11xx.o)
 .debug_aranges
                0x00000620       0x78 D:\06.Study\DNS\workspace\lpc_chip_11exx\Debug\liblpc_chip_11exx.a(gpio_11xx_1.o)
 .debug_aranges
                0x00000698       0x20 D:\06.Study\DNS\workspace\lpc_chip_11exx\Debug\liblpc_chip_11exx.a(iocon_11xx.o)
 .debug_aranges
                0x000006b8      0x140 D:\06.Study\DNS\workspace\lpc_chip_11exx\Debug\liblpc_chip_11exx.a(ssp_11xx.o)
 .debug_aranges
                0x000007f8       0x38 D:\06.Study\DNS\workspace\lpc_chip_11exx\Debug\liblpc_chip_11exx.a(sysctl_11xx.o)
 .debug_aranges
                0x00000830       0xf0 D:\06.Study\DNS\workspace\lpc_chip_11exx\Debug\liblpc_chip_11exx.a(uart_11xx.o)

.debug_ranges   0x00000000      0x7e0
 .debug_ranges  0x00000000       0xb0 ./src/Internet/DHCP/dhcp.o
 .debug_ranges  0x000000b0       0x50 ./src/Ethernet/W5500/w5500.o
 .debug_ranges  0x00000100       0x68 ./src/Ethernet/socket.o
 .debug_ranges  0x00000168      0x128 ./src/Ethernet/wizchip_conf.o
 .debug_ranges  0x00000290       0x18 ./src/W5500-EVB_DNS.o
 .debug_ranges  0x000002a8       0x20 ./src/aeabi_romdiv_patch.o
 .debug_ranges  0x000002c8       0x50 ./src/cr_startup_lpc11exx.o
 .debug_ranges  0x00000318       0x38 ./src/spi_handler.o
 .debug_ranges  0x00000350       0x10 ./src/sysinit.o
 .debug_ranges  0x00000360       0x50 ./src/w5500_init.o
 .debug_ranges  0x000003b0       0xb0 D:\06.Study\DNS\workspace\wiznet_evb_w5500evb_board\Debug\libwiznet_evb_w5500evb_board.a(board.o)
 .debug_ranges  0x00000460       0x48 D:\06.Study\DNS\workspace\wiznet_evb_w5500evb_board\Debug\libwiznet_evb_w5500evb_board.a(board_sysinit.o)
 .debug_ranges  0x000004a8       0x10 D:\06.Study\DNS\workspace\lpc_chip_11exx\Debug\liblpc_chip_11exx.a(chip_11xx.o)
 .debug_ranges  0x000004b8       0x78 D:\06.Study\DNS\workspace\lpc_chip_11exx\Debug\liblpc_chip_11exx.a(clock_11xx.o)
 .debug_ranges  0x00000530       0x68 D:\06.Study\DNS\workspace\lpc_chip_11exx\Debug\liblpc_chip_11exx.a(gpio_11xx_1.o)
 .debug_ranges  0x00000598       0x10 D:\06.Study\DNS\workspace\lpc_chip_11exx\Debug\liblpc_chip_11exx.a(iocon_11xx.o)
 .debug_ranges  0x000005a8      0x130 D:\06.Study\DNS\workspace\lpc_chip_11exx\Debug\liblpc_chip_11exx.a(ssp_11xx.o)
 .debug_ranges  0x000006d8       0x28 D:\06.Study\DNS\workspace\lpc_chip_11exx\Debug\liblpc_chip_11exx.a(sysctl_11xx.o)
 .debug_ranges  0x00000700       0xe0 D:\06.Study\DNS\workspace\lpc_chip_11exx\Debug\liblpc_chip_11exx.a(uart_11xx.o)

.debug_macro    0x00000000     0x338b
 .debug_macro   0x00000000      0x11d ./src/Internet/DHCP/dhcp.o
 .debug_macro   0x0000011d       0x2e ./src/Internet/DHCP/dhcp.o
 .debug_macro   0x0000014b       0x75 ./src/Ethernet/W5500/w5500.o
 .debug_macro   0x000001c0       0x46 ./src/Ethernet/W5500/w5500.o
 .debug_macro   0x00000206       0x90 ./src/Ethernet/socket.o
 .debug_macro   0x00000296       0x76 ./src/Ethernet/wizchip_conf.o
 .debug_macro   0x0000030c       0x16 ./src/Ethernet/wizchip_conf.o
 .debug_macro   0x00000322      0x21c ./src/W5500-EVB_DNS.o
 .debug_macro   0x0000053e       0x22 ./src/W5500-EVB_DNS.o
 .debug_macro   0x00000560       0x7b ./src/W5500-EVB_DNS.o
 .debug_macro   0x000005db       0x10 ./src/W5500-EVB_DNS.o
 .debug_macro   0x000005eb       0x1f ./src/W5500-EVB_DNS.o
 .debug_macro   0x0000060a       0x3a ./src/W5500-EVB_DNS.o
 .debug_macro   0x00000644       0x1f ./src/W5500-EVB_DNS.o
 .debug_macro   0x00000663      0x242 ./src/W5500-EVB_DNS.o
 .debug_macro   0x000008a5      0x12c ./src/W5500-EVB_DNS.o
 .debug_macro   0x000009d1       0x2e ./src/W5500-EVB_DNS.o
 .debug_macro   0x000009ff       0xd5 ./src/W5500-EVB_DNS.o
 .debug_macro   0x00000ad4       0x10 ./src/W5500-EVB_DNS.o
 .debug_macro   0x00000ae4      0x137 ./src/W5500-EVB_DNS.o
 .debug_macro   0x00000c1b       0x4c ./src/W5500-EVB_DNS.o
 .debug_macro   0x00000c67       0x16 ./src/W5500-EVB_DNS.o
 .debug_macro   0x00000c7d      0x31a ./src/W5500-EVB_DNS.o
 .debug_macro   0x00000f97       0x4f ./src/W5500-EVB_DNS.o
 .debug_macro   0x00000fe6       0xb8 ./src/W5500-EVB_DNS.o
 .debug_macro   0x0000109e       0x18 ./src/W5500-EVB_DNS.o
 .debug_macro   0x000010b6       0xca ./src/W5500-EVB_DNS.o
 .debug_macro   0x00001180       0x7c ./src/W5500-EVB_DNS.o
 .debug_macro   0x000011fc       0x1c ./src/W5500-EVB_DNS.o
 .debug_macro   0x00001218       0x40 ./src/W5500-EVB_DNS.o
 .debug_macro   0x00001258      0x18a ./src/W5500-EVB_DNS.o
 .debug_macro   0x000013e2       0x88 ./src/W5500-EVB_DNS.o
 .debug_macro   0x0000146a       0x40 ./src/W5500-EVB_DNS.o
 .debug_macro   0x000014aa       0x2e ./src/W5500-EVB_DNS.o
 .debug_macro   0x000014d8       0x28 ./src/W5500-EVB_DNS.o
 .debug_macro   0x00001500       0x9a ./src/W5500-EVB_DNS.o
 .debug_macro   0x0000159a       0x20 ./src/W5500-EVB_DNS.o
 .debug_macro   0x000015ba       0x34 ./src/W5500-EVB_DNS.o
 .debug_macro   0x000015ee       0x82 ./src/W5500-EVB_DNS.o
 .debug_macro   0x00001670       0x23 ./src/cr_startup_lpc11exx.o
 .debug_macro   0x00001693       0x1a ./src/crp.o
 .debug_macro   0x000016ad       0x34 ./src/crp.o
 .debug_macro   0x000016e1      0x1b8 ./src/spi_handler.o
 .debug_macro   0x00001899      0x1af ./src/sysinit.o
 .debug_macro   0x00001a48      0x1ec ./src/w5500_init.o
 .debug_macro   0x00001c34       0xa0 ./src/w5500_init.o
 .debug_macro   0x00001cd4       0x74 ./src/w5500_init.o
 .debug_macro   0x00001d48      0x1da D:\06.Study\DNS\workspace\wiznet_evb_w5500evb_board\Debug\libwiznet_evb_w5500evb_board.a(board.o)
 .debug_macro   0x00001f22      0x81a D:\06.Study\DNS\workspace\wiznet_evb_w5500evb_board\Debug\libwiznet_evb_w5500evb_board.a(board.o)
 .debug_macro   0x0000273c       0x12 D:\06.Study\DNS\workspace\wiznet_evb_w5500evb_board\Debug\libwiznet_evb_w5500evb_board.a(board.o)
 .debug_macro   0x0000274e      0x1bd D:\06.Study\DNS\workspace\wiznet_evb_w5500evb_board\Debug\libwiznet_evb_w5500evb_board.a(board_sysinit.o)
 .debug_macro   0x0000290b      0x17a D:\06.Study\DNS\workspace\lpc_chip_11exx\Debug\liblpc_chip_11exx.a(chip_11xx.o)
 .debug_macro   0x00002a85      0x17a D:\06.Study\DNS\workspace\lpc_chip_11exx\Debug\liblpc_chip_11exx.a(clock_11xx.o)
 .debug_macro   0x00002bff      0x17a D:\06.Study\DNS\workspace\lpc_chip_11exx\Debug\liblpc_chip_11exx.a(gpio_11xx_1.o)
 .debug_macro   0x00002d79      0x17a D:\06.Study\DNS\workspace\lpc_chip_11exx\Debug\liblpc_chip_11exx.a(iocon_11xx.o)
 .debug_macro   0x00002ef3      0x17a D:\06.Study\DNS\workspace\lpc_chip_11exx\Debug\liblpc_chip_11exx.a(ssp_11xx.o)
 .debug_macro   0x0000306d      0x1a4 D:\06.Study\DNS\workspace\lpc_chip_11exx\Debug\liblpc_chip_11exx.a(sysctl_11xx.o)
 .debug_macro   0x00003211      0x17a D:\06.Study\DNS\workspace\lpc_chip_11exx\Debug\liblpc_chip_11exx.a(uart_11xx.o)

.debug_line     0x00000000     0x4d5d
 .debug_line    0x00000000      0x575 ./src/Internet/DHCP/dhcp.o
 .debug_line    0x00000575      0x2d9 ./src/Ethernet/W5500/w5500.o
 .debug_line    0x0000084e      0x627 ./src/Ethernet/socket.o
 .debug_line    0x00000e75      0x58d ./src/Ethernet/wizchip_conf.o
 .debug_line    0x00001402      0x50c ./src/W5500-EVB_DNS.o
 .debug_line    0x0000190e       0x65 ./src/aeabi_romdiv_patch.o
 .debug_line    0x00001973       0xca ./src/cr_startup_lpc11exx.o
 .debug_line    0x00001a3d       0x78 ./src/crp.o
 .debug_line    0x00001ab5      0x3c3 ./src/spi_handler.o
 .debug_line    0x00001e78      0x342 ./src/sysinit.o
 .debug_line    0x000021ba      0x4ad ./src/w5500_init.o
 .debug_line    0x00002667      0x523 D:\06.Study\DNS\workspace\wiznet_evb_w5500evb_board\Debug\libwiznet_evb_w5500evb_board.a(board.o)
 .debug_line    0x00002b8a      0x41a D:\06.Study\DNS\workspace\wiznet_evb_w5500evb_board\Debug\libwiznet_evb_w5500evb_board.a(board_sysinit.o)
 .debug_line    0x00002fa4      0x2e7 D:\06.Study\DNS\workspace\lpc_chip_11exx\Debug\liblpc_chip_11exx.a(chip_11xx.o)
 .debug_line    0x0000328b      0x412 D:\06.Study\DNS\workspace\lpc_chip_11exx\Debug\liblpc_chip_11exx.a(clock_11xx.o)
 .debug_line    0x0000369d      0x3d2 D:\06.Study\DNS\workspace\lpc_chip_11exx\Debug\liblpc_chip_11exx.a(gpio_11xx_1.o)
 .debug_line    0x00003a6f      0x2ea D:\06.Study\DNS\workspace\lpc_chip_11exx\Debug\liblpc_chip_11exx.a(iocon_11xx.o)
 .debug_line    0x00003d59      0x771 D:\06.Study\DNS\workspace\lpc_chip_11exx\Debug\liblpc_chip_11exx.a(ssp_11xx.o)
 .debug_line    0x000044ca      0x324 D:\06.Study\DNS\workspace\lpc_chip_11exx\Debug\liblpc_chip_11exx.a(sysctl_11xx.o)
 .debug_line    0x000047ee      0x56f D:\06.Study\DNS\workspace\lpc_chip_11exx\Debug\liblpc_chip_11exx.a(uart_11xx.o)

.debug_str      0x00000000     0xed27
 .debug_str     0x00000000     0x717e ./src/Internet/DHCP/dhcp.o
                               0x7254 (size before relaxing)
 .debug_str     0x0000717e      0x1a4 ./src/Ethernet/W5500/w5500.o
                               0x66fe (size before relaxing)
 .debug_str     0x00007322      0x3cc ./src/Ethernet/socket.o
                               0x6cac (size before relaxing)
 .debug_str     0x000076ee      0x6f9 ./src/Ethernet/wizchip_conf.o
                               0x6cef (size before relaxing)
 .debug_str     0x00007de7     0x4e82 ./src/W5500-EVB_DNS.o
                               0xb899 (size before relaxing)
 .debug_str     0x0000cc69      0x1e5 ./src/cr_startup_lpc11exx.o
                               0x24d9 (size before relaxing)
 .debug_str     0x0000ce4e       0xe9 ./src/crp.o
                               0x23ce (size before relaxing)
 .debug_str     0x0000cf37      0x298 ./src/spi_handler.o
                               0x86b0 (size before relaxing)
 .debug_str     0x0000d1cf       0x11 ./src/sysinit.o
                               0x8399 (size before relaxing)
 .debug_str     0x0000d1e0       0x99 ./src/w5500_init.o
                               0xb4e3 (size before relaxing)
 .debug_str     0x0000d279      0x2e0 D:\06.Study\DNS\workspace\wiznet_evb_w5500evb_board\Debug\libwiznet_evb_w5500evb_board.a(board.o)
                               0x86a1 (size before relaxing)
 .debug_str     0x0000d559      0x7bf D:\06.Study\DNS\workspace\wiznet_evb_w5500evb_board\Debug\libwiznet_evb_w5500evb_board.a(board_sysinit.o)
                               0x8b67 (size before relaxing)
 .debug_str     0x0000dd18       0x68 D:\06.Study\DNS\workspace\lpc_chip_11exx\Debug\liblpc_chip_11exx.a(chip_11xx.o)
                               0x8033 (size before relaxing)
 .debug_str     0x0000dd80      0x447 D:\06.Study\DNS\workspace\lpc_chip_11exx\Debug\liblpc_chip_11exx.a(clock_11xx.o)
                               0x87f7 (size before relaxing)
 .debug_str     0x0000e1c7       0xff D:\06.Study\DNS\workspace\lpc_chip_11exx\Debug\liblpc_chip_11exx.a(gpio_11xx_1.o)
                               0x86a7 (size before relaxing)
 .debug_str     0x0000e2c6       0x30 D:\06.Study\DNS\workspace\lpc_chip_11exx\Debug\liblpc_chip_11exx.a(iocon_11xx.o)
                               0x8056 (size before relaxing)
 .debug_str     0x0000e2f6      0x606 D:\06.Study\DNS\workspace\lpc_chip_11exx\Debug\liblpc_chip_11exx.a(ssp_11xx.o)
                               0x8d86 (size before relaxing)
 .debug_str     0x0000e8fc      0x19f D:\06.Study\DNS\workspace\lpc_chip_11exx\Debug\liblpc_chip_11exx.a(sysctl_11xx.o)
                               0x8441 (size before relaxing)
 .debug_str     0x0000ea9b      0x28c D:\06.Study\DNS\workspace\lpc_chip_11exx\Debug\liblpc_chip_11exx.a(uart_11xx.o)
                               0x88a2 (size before relaxing)

.comment        0x00000000       0xe0
 .comment       0x00000000       0x70 ./src/Internet/DHCP/dhcp.o
                                 0x71 (size before relaxing)
 .comment       0x00000000       0x71 ./src/Ethernet/W5500/w5500.o
 .comment       0x00000000       0x71 ./src/Ethernet/socket.o
 .comment       0x00000000       0x71 ./src/Ethernet/wizchip_conf.o
 .comment       0x00000000       0x71 ./src/W5500-EVB_DNS.o
 .comment       0x00000000       0x71 ./src/cr_startup_lpc11exx.o
 .comment       0x00000000       0x71 ./src/crp.o
 .comment       0x00000000       0x71 ./src/spi_handler.o
 .comment       0x00000000       0x71 ./src/sysinit.o
 .comment       0x00000000       0x71 ./src/w5500_init.o
 .comment       0x00000000       0x71 D:\06.Study\DNS\workspace\wiznet_evb_w5500evb_board\Debug\libwiznet_evb_w5500evb_board.a(board.o)
 .comment       0x00000000       0x71 D:\06.Study\DNS\workspace\wiznet_evb_w5500evb_board\Debug\libwiznet_evb_w5500evb_board.a(board_sysinit.o)
 .comment       0x00000000       0x71 D:\06.Study\DNS\workspace\lpc_chip_11exx\Debug\liblpc_chip_11exx.a(chip_11xx.o)
 .comment       0x00000000       0x71 D:\06.Study\DNS\workspace\lpc_chip_11exx\Debug\liblpc_chip_11exx.a(clock_11xx.o)
 .comment       0x00000000       0x71 D:\06.Study\DNS\workspace\lpc_chip_11exx\Debug\liblpc_chip_11exx.a(gpio_11xx_1.o)
 .comment       0x00000000       0x71 D:\06.Study\DNS\workspace\lpc_chip_11exx\Debug\liblpc_chip_11exx.a(iocon_11xx.o)
 .comment       0x00000000       0x71 D:\06.Study\DNS\workspace\lpc_chip_11exx\Debug\liblpc_chip_11exx.a(ssp_11xx.o)
 .comment       0x00000000       0x71 D:\06.Study\DNS\workspace\lpc_chip_11exx\Debug\liblpc_chip_11exx.a(sysctl_11xx.o)
 .comment       0x00000000       0x71 D:\06.Study\DNS\workspace\lpc_chip_11exx\Debug\liblpc_chip_11exx.a(uart_11xx.o)
 .comment       0x00000070       0x70 c:/nxp/lpcxpresso_7.5.0_254/lpcxpresso/tools/bin/../lib/gcc/arm-none-eabi/4.8.4/../../../../arm-none-eabi/lib/armv6-m\libcr_nohost.a(_cr__main.o)
                                 0x71 (size before relaxing)
 .comment       0x00000000       0x71 c:/nxp/lpcxpresso_7.5.0_254/lpcxpresso/tools/bin/../lib/gcc/arm-none-eabi/4.8.4/../../../../arm-none-eabi/lib/armv6-m\libcr_c.a(memcpy.o)
 .comment       0x00000000       0x71 c:/nxp/lpcxpresso_7.5.0_254/lpcxpresso/tools/bin/../lib/gcc/arm-none-eabi/4.8.4/../../../../arm-none-eabi/lib/armv6-m\libcr_c.a(memset.o)
 .comment       0x00000000       0x71 c:/nxp/lpcxpresso_7.5.0_254/lpcxpresso/tools/bin/../lib/gcc/arm-none-eabi/4.8.4/../../../../arm-none-eabi/lib/armv6-m\libcr_c.a(fpprintf.o)
 .comment       0x00000000       0x71 c:/nxp/lpcxpresso_7.5.0_254/lpcxpresso/tools/bin/../lib/gcc/arm-none-eabi/4.8.4/../../../../arm-none-eabi/lib/armv6-m\libcr_c.a(initio.o)
 .comment       0x00000000       0x71 c:/nxp/lpcxpresso_7.5.0_254/lpcxpresso/tools/bin/../lib/gcc/arm-none-eabi/4.8.4/../../../../arm-none-eabi/lib/armv6-m\libcr_c.a(printf.o)
 .comment       0x00000000       0x71 c:/nxp/lpcxpresso_7.5.0_254/lpcxpresso/tools/bin/../lib/gcc/arm-none-eabi/4.8.4/../../../../arm-none-eabi/lib/armv6-m\libcr_c.a(setvbuf.o)
 .comment       0x00000000       0x71 c:/nxp/lpcxpresso_7.5.0_254/lpcxpresso/tools/bin/../lib/gcc/arm-none-eabi/4.8.4/../../../../arm-none-eabi/lib/armv6-m\libcr_c.a(stdio.o)
 .comment       0x00000000       0x71 c:/nxp/lpcxpresso_7.5.0_254/lpcxpresso/tools/bin/../lib/gcc/arm-none-eabi/4.8.4/../../../../arm-none-eabi/lib/armv6-m\libcr_c.a(strlen.o)
 .comment       0x00000000       0x71 c:/nxp/lpcxpresso_7.5.0_254/lpcxpresso/tools/bin/../lib/gcc/arm-none-eabi/4.8.4/../../../../arm-none-eabi/lib/armv6-m\libcr_c.a(_deferredlazyseek.o)
 .comment       0x00000000       0x71 c:/nxp/lpcxpresso_7.5.0_254/lpcxpresso/tools/bin/../lib/gcc/arm-none-eabi/4.8.4/../../../../arm-none-eabi/lib/armv6-m\libcr_c.a(_fdopen.o)
 .comment       0x00000000       0x71 c:/nxp/lpcxpresso_7.5.0_254/lpcxpresso/tools/bin/../lib/gcc/arm-none-eabi/4.8.4/../../../../arm-none-eabi/lib/armv6-m\libcr_c.a(_fflush.o)
 .comment       0x00000000       0x71 c:/nxp/lpcxpresso_7.5.0_254/lpcxpresso/tools/bin/../lib/gcc/arm-none-eabi/4.8.4/../../../../arm-none-eabi/lib/armv6-m\libcr_c.a(_frexpl.o)
 .comment       0x00000000       0x71 c:/nxp/lpcxpresso_7.5.0_254/lpcxpresso/tools/bin/../lib/gcc/arm-none-eabi/4.8.4/../../../../arm-none-eabi/lib/armv6-m\libcr_c.a(_ldexpl.o)
 .comment       0x00000000       0x71 c:/nxp/lpcxpresso_7.5.0_254/lpcxpresso/tools/bin/../lib/gcc/arm-none-eabi/4.8.4/../../../../arm-none-eabi/lib/armv6-m\libcr_c.a(_writebuf.o)
 .comment       0x00000000       0x71 c:/nxp/lpcxpresso_7.5.0_254/lpcxpresso/tools/bin/../lib/gcc/arm-none-eabi/4.8.4/../../../../arm-none-eabi/lib/armv6-m\libcr_c.a(alloc.o)
 .comment       0x00000000       0x71 c:/nxp/lpcxpresso_7.5.0_254/lpcxpresso/tools/bin/../lib/gcc/arm-none-eabi/4.8.4/../../../../arm-none-eabi/lib/armv6-m\libcr_c.a(errno.o)
 .comment       0x00000000       0x71 c:/nxp/lpcxpresso_7.5.0_254/lpcxpresso/tools/bin/../lib/gcc/arm-none-eabi/4.8.4/../../../../arm-none-eabi/lib/armv6-m\libcr_c.a(fclose.o)
 .comment       0x00000000       0x71 c:/nxp/lpcxpresso_7.5.0_254/lpcxpresso/tools/bin/../lib/gcc/arm-none-eabi/4.8.4/../../../../arm-none-eabi/lib/armv6-m\libcr_c.a(fflush.o)
 .comment       0x00000000       0x71 c:/nxp/lpcxpresso_7.5.0_254/lpcxpresso/tools/bin/../lib/gcc/arm-none-eabi/4.8.4/../../../../arm-none-eabi/lib/armv6-m\libcr_c.a(fseek.o)
 .comment       0x00000000       0x71 c:/nxp/lpcxpresso_7.5.0_254/lpcxpresso/tools/bin/../lib/gcc/arm-none-eabi/4.8.4/../../../../arm-none-eabi/lib/armv6-m\libcr_c.a(ftell.o)
 .comment       0x00000000       0x71 c:/nxp/lpcxpresso_7.5.0_254/lpcxpresso/tools/bin/../lib/gcc/arm-none-eabi/4.8.4/../../../../arm-none-eabi/lib/armv6-m\libcr_c.a(remove.o)
 .comment       0x00000000       0x71 c:/nxp/lpcxpresso_7.5.0_254/lpcxpresso/tools/bin/../lib/gcc/arm-none-eabi/4.8.4/../../../../arm-none-eabi/lib/armv6-m\libcr_c.a(__init_alloc.o)
 .comment       0x00000000       0x71 c:/nxp/lpcxpresso_7.5.0_254/lpcxpresso/tools/bin/../lib/gcc/arm-none-eabi/4.8.4/../../../../arm-none-eabi/lib/armv6-m\libcr_c.a(_cr_sbrk.o)
 .comment       0x00000000       0x71 c:/nxp/lpcxpresso_7.5.0_254/lpcxpresso/tools/bin/../lib/gcc/arm-none-eabi/4.8.4/../../../../arm-none-eabi/lib/armv6-m\libcr_c.a(_do_fflush.o)
 .comment       0x00000000       0x71 c:/nxp/lpcxpresso_7.5.0_254/lpcxpresso/tools/bin/../lib/gcc/arm-none-eabi/4.8.4/../../../../arm-none-eabi/lib/armv6-m\libcr_c.a(_hugeval.o)
 .comment       0x00000000       0x71 c:/nxp/lpcxpresso_7.5.0_254/lpcxpresso/tools/bin/../lib/gcc/arm-none-eabi/4.8.4/../../../../arm-none-eabi/lib/armv6-m\libcr_c.a(_cr_check_heap.o)
 .comment       0x00000000       0x71 c:/nxp/lpcxpresso_7.5.0_254/lpcxpresso/tools/bin/../lib/gcc/arm-none-eabi/4.8.4/armv6-m\libcr_eabihelpers.a(double.o)
 .comment       0x00000000       0x71 c:/nxp/lpcxpresso_7.5.0_254/lpcxpresso/tools/bin/../lib/gcc/arm-none-eabi/4.8.4/../../../../arm-none-eabi/lib/armv6-m\libcr_nohost.a(__sys_appexit.o)
 .comment       0x00000000       0x71 c:/nxp/lpcxpresso_7.5.0_254/lpcxpresso/tools/bin/../lib/gcc/arm-none-eabi/4.8.4/../../../../arm-none-eabi/lib/armv6-m\libcr_nohost.a(__sys_close.o)
 .comment       0x00000000       0x71 c:/nxp/lpcxpresso_7.5.0_254/lpcxpresso/tools/bin/../lib/gcc/arm-none-eabi/4.8.4/../../../../arm-none-eabi/lib/armv6-m\libcr_nohost.a(__sys_flen.o)
 .comment       0x00000000       0x71 c:/nxp/lpcxpresso_7.5.0_254/lpcxpresso/tools/bin/../lib/gcc/arm-none-eabi/4.8.4/../../../../arm-none-eabi/lib/armv6-m\libcr_nohost.a(__sys_istty.o)
 .comment       0x00000000       0x71 c:/nxp/lpcxpresso_7.5.0_254/lpcxpresso/tools/bin/../lib/gcc/arm-none-eabi/4.8.4/../../../../arm-none-eabi/lib/armv6-m\libcr_nohost.a(__sys_remove.o)
 .comment       0x00000000       0x71 c:/nxp/lpcxpresso_7.5.0_254/lpcxpresso/tools/bin/../lib/gcc/arm-none-eabi/4.8.4/../../../../arm-none-eabi/lib/armv6-m\libcr_nohost.a(__sys_seek.o)
 .comment       0x00000000       0x71 c:/nxp/lpcxpresso_7.5.0_254/lpcxpresso/tools/bin/../lib/gcc/arm-none-eabi/4.8.4/../../../../arm-none-eabi/lib/armv6-m\libcr_nohost.a(__sys_tmpnam.o)

.ARM.attributes
                0x00000000       0x2f
 .ARM.attributes
                0x00000000       0x31 ./src/Internet/DHCP/dhcp.o
 .ARM.attributes
                0x00000031       0x31 ./src/Ethernet/W5500/w5500.o
 .ARM.attributes
                0x00000062       0x31 ./src/Ethernet/socket.o
 .ARM.attributes
                0x00000093       0x31 ./src/Ethernet/wizchip_conf.o
 .ARM.attributes
                0x000000c4       0x31 ./src/W5500-EVB_DNS.o
 .ARM.attributes
                0x000000f5       0x21 ./src/aeabi_romdiv_patch.o
 .ARM.attributes
                0x00000116       0x31 ./src/cr_startup_lpc11exx.o
 .ARM.attributes
                0x00000147       0x31 ./src/crp.o
 .ARM.attributes
                0x00000178       0x31 ./src/spi_handler.o
 .ARM.attributes
                0x000001a9       0x31 ./src/sysinit.o
 .ARM.attributes
                0x000001da       0x31 ./src/w5500_init.o
 .ARM.attributes
                0x0000020b       0x31 D:\06.Study\DNS\workspace\wiznet_evb_w5500evb_board\Debug\libwiznet_evb_w5500evb_board.a(board.o)
 .ARM.attributes
                0x0000023c       0x31 D:\06.Study\DNS\workspace\wiznet_evb_w5500evb_board\Debug\libwiznet_evb_w5500evb_board.a(board_sysinit.o)
 .ARM.attributes
                0x0000026d       0x31 D:\06.Study\DNS\workspace\lpc_chip_11exx\Debug\liblpc_chip_11exx.a(chip_11xx.o)
 .ARM.attributes
                0x0000029e       0x31 D:\06.Study\DNS\workspace\lpc_chip_11exx\Debug\liblpc_chip_11exx.a(clock_11xx.o)
 .ARM.attributes
                0x000002cf       0x31 D:\06.Study\DNS\workspace\lpc_chip_11exx\Debug\liblpc_chip_11exx.a(gpio_11xx_1.o)
 .ARM.attributes
                0x00000300       0x31 D:\06.Study\DNS\workspace\lpc_chip_11exx\Debug\liblpc_chip_11exx.a(iocon_11xx.o)
 .ARM.attributes
                0x00000331       0x31 D:\06.Study\DNS\workspace\lpc_chip_11exx\Debug\liblpc_chip_11exx.a(ssp_11xx.o)
 .ARM.attributes
                0x00000362       0x31 D:\06.Study\DNS\workspace\lpc_chip_11exx\Debug\liblpc_chip_11exx.a(sysctl_11xx.o)
 .ARM.attributes
                0x00000393       0x31 D:\06.Study\DNS\workspace\lpc_chip_11exx\Debug\liblpc_chip_11exx.a(uart_11xx.o)
 .ARM.attributes
                0x000003c4       0x31 c:/nxp/lpcxpresso_7.5.0_254/lpcxpresso/tools/bin/../lib/gcc/arm-none-eabi/4.8.4/../../../../arm-none-eabi/lib/armv6-m\libcr_nohost.a(_cr__main.o)
 .ARM.attributes
                0x000003f5       0x31 c:/nxp/lpcxpresso_7.5.0_254/lpcxpresso/tools/bin/../lib/gcc/arm-none-eabi/4.8.4/../../../../arm-none-eabi/lib/armv6-m\libcr_c.a(memcpy.o)
 .ARM.attributes
                0x00000426       0x31 c:/nxp/lpcxpresso_7.5.0_254/lpcxpresso/tools/bin/../lib/gcc/arm-none-eabi/4.8.4/../../../../arm-none-eabi/lib/armv6-m\libcr_c.a(memset.o)
 .ARM.attributes
                0x00000457       0x31 c:/nxp/lpcxpresso_7.5.0_254/lpcxpresso/tools/bin/../lib/gcc/arm-none-eabi/4.8.4/../../../../arm-none-eabi/lib/armv6-m\libcr_c.a(fpprintf.o)
 .ARM.attributes
                0x00000488       0x31 c:/nxp/lpcxpresso_7.5.0_254/lpcxpresso/tools/bin/../lib/gcc/arm-none-eabi/4.8.4/../../../../arm-none-eabi/lib/armv6-m\libcr_c.a(initio.o)
 .ARM.attributes
                0x000004b9       0x31 c:/nxp/lpcxpresso_7.5.0_254/lpcxpresso/tools/bin/../lib/gcc/arm-none-eabi/4.8.4/../../../../arm-none-eabi/lib/armv6-m\libcr_c.a(printf.o)
 .ARM.attributes
                0x000004ea       0x31 c:/nxp/lpcxpresso_7.5.0_254/lpcxpresso/tools/bin/../lib/gcc/arm-none-eabi/4.8.4/../../../../arm-none-eabi/lib/armv6-m\libcr_c.a(setvbuf.o)
 .ARM.attributes
                0x0000051b       0x31 c:/nxp/lpcxpresso_7.5.0_254/lpcxpresso/tools/bin/../lib/gcc/arm-none-eabi/4.8.4/../../../../arm-none-eabi/lib/armv6-m\libcr_c.a(stdio.o)
 .ARM.attributes
                0x0000054c       0x31 c:/nxp/lpcxpresso_7.5.0_254/lpcxpresso/tools/bin/../lib/gcc/arm-none-eabi/4.8.4/../../../../arm-none-eabi/lib/armv6-m\libcr_c.a(strlen.o)
 .ARM.attributes
                0x0000057d       0x31 c:/nxp/lpcxpresso_7.5.0_254/lpcxpresso/tools/bin/../lib/gcc/arm-none-eabi/4.8.4/../../../../arm-none-eabi/lib/armv6-m\libcr_c.a(_deferredlazyseek.o)
 .ARM.attributes
                0x000005ae       0x31 c:/nxp/lpcxpresso_7.5.0_254/lpcxpresso/tools/bin/../lib/gcc/arm-none-eabi/4.8.4/../../../../arm-none-eabi/lib/armv6-m\libcr_c.a(_fdopen.o)
 .ARM.attributes
                0x000005df       0x31 c:/nxp/lpcxpresso_7.5.0_254/lpcxpresso/tools/bin/../lib/gcc/arm-none-eabi/4.8.4/../../../../arm-none-eabi/lib/armv6-m\libcr_c.a(_fflush.o)
 .ARM.attributes
                0x00000610       0x31 c:/nxp/lpcxpresso_7.5.0_254/lpcxpresso/tools/bin/../lib/gcc/arm-none-eabi/4.8.4/../../../../arm-none-eabi/lib/armv6-m\libcr_c.a(_frexpl.o)
 .ARM.attributes
                0x00000641       0x31 c:/nxp/lpcxpresso_7.5.0_254/lpcxpresso/tools/bin/../lib/gcc/arm-none-eabi/4.8.4/../../../../arm-none-eabi/lib/armv6-m\libcr_c.a(_ldexpl.o)
 .ARM.attributes
                0x00000672       0x31 c:/nxp/lpcxpresso_7.5.0_254/lpcxpresso/tools/bin/../lib/gcc/arm-none-eabi/4.8.4/../../../../arm-none-eabi/lib/armv6-m\libcr_c.a(_writebuf.o)
 .ARM.attributes
                0x000006a3       0x31 c:/nxp/lpcxpresso_7.5.0_254/lpcxpresso/tools/bin/../lib/gcc/arm-none-eabi/4.8.4/../../../../arm-none-eabi/lib/armv6-m\libcr_c.a(alloc.o)
 .ARM.attributes
                0x000006d4       0x31 c:/nxp/lpcxpresso_7.5.0_254/lpcxpresso/tools/bin/../lib/gcc/arm-none-eabi/4.8.4/../../../../arm-none-eabi/lib/armv6-m\libcr_c.a(errno.o)
 .ARM.attributes
                0x00000705       0x31 c:/nxp/lpcxpresso_7.5.0_254/lpcxpresso/tools/bin/../lib/gcc/arm-none-eabi/4.8.4/../../../../arm-none-eabi/lib/armv6-m\libcr_c.a(fclose.o)
 .ARM.attributes
                0x00000736       0x31 c:/nxp/lpcxpresso_7.5.0_254/lpcxpresso/tools/bin/../lib/gcc/arm-none-eabi/4.8.4/../../../../arm-none-eabi/lib/armv6-m\libcr_c.a(fflush.o)
 .ARM.attributes
                0x00000767       0x31 c:/nxp/lpcxpresso_7.5.0_254/lpcxpresso/tools/bin/../lib/gcc/arm-none-eabi/4.8.4/../../../../arm-none-eabi/lib/armv6-m\libcr_c.a(fseek.o)
 .ARM.attributes
                0x00000798       0x31 c:/nxp/lpcxpresso_7.5.0_254/lpcxpresso/tools/bin/../lib/gcc/arm-none-eabi/4.8.4/../../../../arm-none-eabi/lib/armv6-m\libcr_c.a(ftell.o)
 .ARM.attributes
                0x000007c9       0x31 c:/nxp/lpcxpresso_7.5.0_254/lpcxpresso/tools/bin/../lib/gcc/arm-none-eabi/4.8.4/../../../../arm-none-eabi/lib/armv6-m\libcr_c.a(remove.o)
 .ARM.attributes
                0x000007fa       0x31 c:/nxp/lpcxpresso_7.5.0_254/lpcxpresso/tools/bin/../lib/gcc/arm-none-eabi/4.8.4/../../../../arm-none-eabi/lib/armv6-m\libcr_c.a(__init_alloc.o)
 .ARM.attributes
                0x0000082b       0x31 c:/nxp/lpcxpresso_7.5.0_254/lpcxpresso/tools/bin/../lib/gcc/arm-none-eabi/4.8.4/../../../../arm-none-eabi/lib/armv6-m\libcr_c.a(_cr_sbrk.o)
 .ARM.attributes
                0x0000085c       0x31 c:/nxp/lpcxpresso_7.5.0_254/lpcxpresso/tools/bin/../lib/gcc/arm-none-eabi/4.8.4/../../../../arm-none-eabi/lib/armv6-m\libcr_c.a(_do_fflush.o)
 .ARM.attributes
                0x0000088d       0x31 c:/nxp/lpcxpresso_7.5.0_254/lpcxpresso/tools/bin/../lib/gcc/arm-none-eabi/4.8.4/../../../../arm-none-eabi/lib/armv6-m\libcr_c.a(_hugeval.o)
 .ARM.attributes
                0x000008be       0x31 c:/nxp/lpcxpresso_7.5.0_254/lpcxpresso/tools/bin/../lib/gcc/arm-none-eabi/4.8.4/../../../../arm-none-eabi/lib/armv6-m\libcr_c.a(_cr_check_heap.o)
 .ARM.attributes
                0x000008ef       0x31 c:/nxp/lpcxpresso_7.5.0_254/lpcxpresso/tools/bin/../lib/gcc/arm-none-eabi/4.8.4/armv6-m\libcr_eabihelpers.a(double.o)
 .ARM.attributes
                0x00000920       0x21 c:/nxp/lpcxpresso_7.5.0_254/lpcxpresso/tools/bin/../lib/gcc/arm-none-eabi/4.8.4/armv6-m\libcr_eabihelpers.a(llong.o)
 .ARM.attributes
                0x00000941       0x21 c:/nxp/lpcxpresso_7.5.0_254/lpcxpresso/tools/bin/../lib/gcc/arm-none-eabi/4.8.4/armv6-m\libcr_eabihelpers.a(memcpy.o)
 .ARM.attributes
                0x00000962       0x31 c:/nxp/lpcxpresso_7.5.0_254/lpcxpresso/tools/bin/../lib/gcc/arm-none-eabi/4.8.4/../../../../arm-none-eabi/lib/armv6-m\libcr_nohost.a(__sys_appexit.o)
 .ARM.attributes
                0x00000993       0x31 c:/nxp/lpcxpresso_7.5.0_254/lpcxpresso/tools/bin/../lib/gcc/arm-none-eabi/4.8.4/../../../../arm-none-eabi/lib/armv6-m\libcr_nohost.a(__sys_close.o)
 .ARM.attributes
                0x000009c4       0x31 c:/nxp/lpcxpresso_7.5.0_254/lpcxpresso/tools/bin/../lib/gcc/arm-none-eabi/4.8.4/../../../../arm-none-eabi/lib/armv6-m\libcr_nohost.a(__sys_flen.o)
 .ARM.attributes
                0x000009f5       0x31 c:/nxp/lpcxpresso_7.5.0_254/lpcxpresso/tools/bin/../lib/gcc/arm-none-eabi/4.8.4/../../../../arm-none-eabi/lib/armv6-m\libcr_nohost.a(__sys_istty.o)
 .ARM.attributes
                0x00000a26       0x31 c:/nxp/lpcxpresso_7.5.0_254/lpcxpresso/tools/bin/../lib/gcc/arm-none-eabi/4.8.4/../../../../arm-none-eabi/lib/armv6-m\libcr_nohost.a(__sys_remove.o)
 .ARM.attributes
                0x00000a57       0x31 c:/nxp/lpcxpresso_7.5.0_254/lpcxpresso/tools/bin/../lib/gcc/arm-none-eabi/4.8.4/../../../../arm-none-eabi/lib/armv6-m\libcr_nohost.a(__sys_seek.o)
 .ARM.attributes
                0x00000a88       0x31 c:/nxp/lpcxpresso_7.5.0_254/lpcxpresso/tools/bin/../lib/gcc/arm-none-eabi/4.8.4/../../../../arm-none-eabi/lib/armv6-m\libcr_nohost.a(__sys_tmpnam.o)

.debug_frame    0x00000000     0x1d58
 .debug_frame   0x00000000      0x294 ./src/Internet/DHCP/dhcp.o
 .debug_frame   0x00000294      0x130 ./src/Ethernet/W5500/w5500.o
 .debug_frame   0x000003c4      0x190 ./src/Ethernet/socket.o
 .debug_frame   0x00000554      0x478 ./src/Ethernet/wizchip_conf.o
 .debug_frame   0x000009cc       0x54 ./src/W5500-EVB_DNS.o
 .debug_frame   0x00000a20      0x118 ./src/cr_startup_lpc11exx.o
 .debug_frame   0x00000b38       0xc8 ./src/spi_handler.o
 .debug_frame   0x00000c00       0x2c ./src/sysinit.o
 .debug_frame   0x00000c2c      0x12c ./src/w5500_init.o
 .debug_frame   0x00000d58      0x2a4 D:\06.Study\DNS\workspace\wiznet_evb_w5500evb_board\Debug\libwiznet_evb_w5500evb_board.a(board.o)
 .debug_frame   0x00000ffc      0x108 D:\06.Study\DNS\workspace\wiznet_evb_w5500evb_board\Debug\libwiznet_evb_w5500evb_board.a(board_sysinit.o)
 .debug_frame   0x00001104       0x2c D:\06.Study\DNS\workspace\lpc_chip_11exx\Debug\liblpc_chip_11exx.a(chip_11xx.o)
 .debug_frame   0x00001130      0x1c0 D:\06.Study\DNS\workspace\lpc_chip_11exx\Debug\liblpc_chip_11exx.a(clock_11xx.o)
 .debug_frame   0x000012f0      0x190 D:\06.Study\DNS\workspace\lpc_chip_11exx\Debug\liblpc_chip_11exx.a(gpio_11xx_1.o)
 .debug_frame   0x00001480       0x30 D:\06.Study\DNS\workspace\lpc_chip_11exx\Debug\liblpc_chip_11exx.a(iocon_11xx.o)
 .debug_frame   0x000014b0      0x4a8 D:\06.Study\DNS\workspace\lpc_chip_11exx\Debug\liblpc_chip_11exx.a(ssp_11xx.o)
 .debug_frame   0x00001958       0x90 D:\06.Study\DNS\workspace\lpc_chip_11exx\Debug\liblpc_chip_11exx.a(sysctl_11xx.o)
 .debug_frame   0x000019e8      0x370 D:\06.Study\DNS\workspace\lpc_chip_11exx\Debug\liblpc_chip_11exx.a(uart_11xx.o)
